Component: ARM Compiler 5.05 update 1 (build 106) Tool: armlink [4d0efa]

==============================================================================

Section Cross References

    main.o(.text) refers to _printf_percent.o(.ARM.Collect$$_printf_percent$$00000000) for _printf_percent
    main.o(.text) refers to _printf_d.o(.ARM.Collect$$_printf_percent$$00000009) for _printf_d
    main.o(.text) refers to _printf_dec.o(.text) for _printf_int_dec
    main.o(.text) refers to _printf_c.o(.ARM.Collect$$_printf_percent$$00000013) for _printf_c
    main.o(.text) refers to _printf_str.o(.text) for _printf_str
    main.o(.text) refers to _printf_pad.o(.text) for _printf_pre_padding
    main.o(.text) refers to _printf_f.o(.ARM.Collect$$_printf_percent$$00000003) for _printf_f
    main.o(.text) refers to printf1.o(x$fpl$printf1) for _printf_fp_dec
    main.o(.text) refers to noretval__2printf.o(.text) for __2printf
    main.o(.text) refers to rc522_1.o(.text) for PcdAntennaOn_1
    main.o(.text) refers to rc522_2.o(.text) for PcdAntennaOn_2
    main.o(.text) refers to delay.o(.text) for delay_ms
    main.o(.text) refers to flash.o(.text) for SPI_Flash_Write
    main.o(.text) refers to main.o(.data) for status
    main.o(.text) refers to usart.o(.data) for USART_RX_STA
    main.o(.text) refers to usart.o(.bss) for USART_RX_BUF
    main.o(.text) refers to stm32f10x_gpio.o(.text) for GPIO_ResetBits
    main.o(.text) refers to timer.o(.text) for TIM2_CLOSE
    main.o(.text) refers to drleqf.o(x$fpl$drleqf) for __aeabi_cdrcmple
    main.o(.text) refers to dflt_clz.o(x$fpl$dfltu) for __aeabi_ui2d
    main.o(.text) refers to dmul.o(x$fpl$dmul) for __aeabi_dmul
    main.o(.text) refers to stm32f10x_tim.o(.text) for TIM_GetCounter
    main.o(.text) refers to ddiv.o(x$fpl$ddiv) for __aeabi_ddiv
    main.o(.text) refers to led.o(.text) for IOStatus_Catch
    main.o(.text) refers to main.o(.bss) for N
    main.o(.text) refers to misc.o(.text) for NVIC_PriorityGroupConfig
    main.o(.text) refers to usart.o(.text) for uart_init
    main.o(.text) refers to key.o(.text) for KEY_Init
    system_stm32f10x.o(.text) refers to system_stm32f10x.o(.data) for SystemCoreClock
    led.o(.text) refers to stm32f10x_rcc.o(.text) for RCC_APB2PeriphClockCmd
    led.o(.text) refers to stm32f10x_gpio.o(.text) for GPIO_Init
    key.o(.text) refers to stm32f10x_rcc.o(.text) for RCC_APB2PeriphClockCmd
    key.o(.text) refers to stm32f10x_gpio.o(.text) for GPIO_PinRemapConfig
    key.o(.text) refers to delay.o(.text) for delay_ms
    key.o(.text) refers to key.o(.data) for key_up
    timer.o(.text) refers to stm32f10x_rcc.o(.text) for RCC_APB1PeriphClockCmd
    timer.o(.text) refers to stm32f10x_tim.o(.text) for TIM_TimeBaseInit
    timer.o(.text) refers to misc.o(.text) for NVIC_Init
    timer.o(.text) refers to main.o(.data) for T3
    flash.o(.text) refers to stm32f10x_spi.o(.text) for SPI_I2S_GetFlagStatus
    flash.o(.text) refers to stm32f10x_rcc.o(.text) for RCC_APB2PeriphClockCmd
    flash.o(.text) refers to stm32f10x_gpio.o(.text) for GPIO_Init
    flash.o(.text) refers to flash.o(.bss) for SPI_InitStructure
    flash.o(.text) refers to flash.o(.data) for SPI_FLASH_TYPE
    flash.o(.text) refers to delay.o(.text) for delay_us
    rc522_1.o(.text) refers to stm32f10x_spi.o(.text) for SPI_I2S_GetFlagStatus
    rc522_1.o(.text) refers to stm32f10x_gpio.o(.text) for GPIO_ResetBits
    rc522_1.o(.text) refers to delay.o(.text) for delay_us
    rc522_1.o(.text) refers to stm32f10x_rcc.o(.text) for RCC_APB2PeriphClockCmd
    rc522_1.o(.text) refers to main.o(.data) for RFID_NUM
    rc522_1.o(.text) refers to rt_memcpy_v6.o(.text) for __aeabi_memcpy
    rc522_2.o(.text) refers to stm32f10x_spi.o(.text) for SPI_I2S_GetFlagStatus
    rc522_2.o(.text) refers to stm32f10x_gpio.o(.text) for GPIO_ResetBits
    rc522_2.o(.text) refers to delay.o(.text) for delay_us
    rc522_2.o(.text) refers to stm32f10x_rcc.o(.text) for RCC_APB2PeriphClockCmd
    rc522_2.o(.text) refers to main.o(.data) for RFID_NUM
    rc522_2.o(.text) refers to rt_memcpy_v6.o(.text) for __aeabi_memcpy
    delay.o(.text) refers to misc.o(.text) for SysTick_CLKSourceConfig
    delay.o(.text) refers to system_stm32f10x.o(.data) for SystemCoreClock
    delay.o(.text) refers to delay.o(.data) for fac_us
    usart.o(.text) refers (Special) to use_no_semi_2.o(.text) for __use_no_semihosting
    usart.o(.text) refers to stm32f10x_rcc.o(.text) for RCC_APB2PeriphClockCmd
    usart.o(.text) refers to stm32f10x_gpio.o(.text) for GPIO_Init
    usart.o(.text) refers to misc.o(.text) for NVIC_Init
    usart.o(.text) refers to stm32f10x_usart.o(.text) for USART_Init
    usart.o(.text) refers to usart.o(.data) for USART_RX_STA
    usart.o(.text) refers to usart.o(.bss) for USART_RX_BUF
    usart.o(.bss) refers (Special) to use_no_semi_2.o(.text) for __use_no_semihosting
    usart.o(.data) refers (Special) to use_no_semi_2.o(.text) for __use_no_semihosting
[...]
    .ARM.Collect$$libinit$$0000000C          0x080001bc   Section        0  libinit2.o(.ARM.Collect$$libinit$$0000000C)
    .ARM.Collect$$libinit$$0000000E          0x080001bc   Section        0  libinit2.o(.ARM.Collect$$libinit$$0000000E)
    .ARM.Collect$$libinit$$0000000F          0x080001bc   Section        6  libinit2.o(.ARM.Collect$$libinit$$0000000F)
    .ARM.Collect$$libinit$$00000011          0x080001c2   Section        0  libinit2.o(.ARM.Collect$$libinit$$00000011)
    .ARM.Collect$$libinit$$00000013          0x080001c2   Section        0  libinit2.o(.ARM.Collect$$libinit$$00000013)
    .ARM.Collect$$libinit$$00000015          0x080001c2   Section        0  libinit2.o(.ARM.Collect$$libinit$$00000015)
    .ARM.Collect$$libinit$$00000016          0x080001c2   Section       10  libinit2.o(.ARM.Collect$$libinit$$00000016)
    .ARM.Collect$$libinit$$00000017          0x080001cc   Section        0  libinit2.o(.ARM.Collect$$libinit$$00000017)
    .ARM.Collect$$libinit$$00000019          0x080001cc   Section        0  libinit2.o(.ARM.Collect$$libinit$$00000019)
    .ARM.Collect$$libinit$$0000001B          0x080001cc   Section        0  libinit2.o(.ARM.Collect$$libinit$$0000001B)
    .ARM.Collect$$libinit$$0000001D          0x080001cc   Section        0  libinit2.o(.ARM.Collect$$libinit$$0000001D)
    .ARM.Collect$$libinit$$0000001F          0x080001cc   Section        0  libinit2.o(.ARM.Collect$$libinit$$0000001F)
    .ARM.Collect$$libinit$$00000021          0x080001cc   Section        0  libinit2.o(.ARM.Collect$$libinit$$00000021)
    .ARM.Collect$$libinit$$00000023          0x080001cc   Section        0  libinit2.o(.ARM.Collect$$libinit$$00000023)
    .ARM.Collect$$libinit$$00000025          0x080001cc   Section        0  libinit2.o(.ARM.Collect$$libinit$$00000025)
    .ARM.Collect$$libinit$$0000002C          0x080001cc   Section        0  libinit2.o(.ARM.Collect$$libinit$$0000002C)
    .ARM.Collect$$libinit$$0000002E          0x080001cc   Section        0  libinit2.o(.ARM.Collect$$libinit$$0000002E)
    .ARM.Collect$$libinit$$00000030          0x080001cc   Section        0  libinit2.o(.ARM.Collect$$libinit$$00000030)
    .ARM.Collect$$libinit$$00000032          0x080001cc   Section        0  libinit2.o(.ARM.Collect$$libinit$$00000032)
    .ARM.Collect$$libinit$$00000033          0x080001cc   Section        2  libinit2.o(.ARM.Collect$$libinit$$00000033)
    .ARM.Collect$$libshutdown$$00000000      0x080001ce   Section        2  libshutdown.o(.ARM.Collect$$libshutdown$$00000000)
    .ARM.Collect$$libshutdown$$00000003      0x080001d0   Section        0  libshutdown2.o(.ARM.Collect$$libshutdown$$00000003)
    .ARM.Collect$$libshutdown$$00000006      0x080001d0   Section        0  libshutdown2.o(.ARM.Collect$$libshutdown$$00000006)
    .ARM.Collect$$libshutdown$$00000009      0x080001d0   Section        0  libshutdown2.o(.ARM.Collect$$libshutdown$$00000009)
    .ARM.Collect$$libshutdown$$0000000B      0x080001d0   Section        0  libshutdown2.o(.ARM.Collect$$libshutdown$$0000000B)
    .ARM.Collect$$libshutdown$$0000000E      0x080001d0   Section        0  libshutdown2.o(.ARM.Collect$$libshutdown$$0000000E)
    .ARM.Collect$$libshutdown$$0000000F      0x080001d0   Section        2  libshutdown2.o(.ARM.Collect$$libshutdown$$0000000F)
    .ARM.Collect$$rtentry$$00000000          0x080001d2   Section        0  __rtentry.o(.ARM.Collect$$rtentry$$00000000)
    .ARM.Collect$$rtentry$$00000002          0x080001d2   Section        0  __rtentry2.o(.ARM.Collect$$rtentry$$00000002)
    .ARM.Collect$$rtentry$$00000004          0x080001d2   Section        6  __rtentry4.o(.ARM.Collect$$rtentry$$00000004)
    .ARM.Collect$$rtentry$$00000009          0x080001d8   Section        0  __rtentry2.o(.ARM.Collect$$rtentry$$00000009)
    .ARM.Collect$$rtentry$$0000000A          0x080001d8   Section        4  __rtentry2.o(.ARM.Collect$$rtentry$$0000000A)
    .ARM.Collect$$rtentry$$0000000C          0x080001dc   Section        0  __rtentry2.o(.ARM.Collect$$rtentry$$0000000C)
    .ARM.Collect$$rtentry$$0000000D          0x080001dc   Section        8  __rtentry2.o(.ARM.Collect$$rtentry$$0000000D)
    .ARM.Collect$$rtexit$$00000000           0x080001e4   Section        2  rtexit.o(.ARM.Collect$$rtexit$$00000000)
    .ARM.Collect$$rtexit$$00000002           0x080001e6   Section        0  rtexit2.o(.ARM.Collect$$rtexit$$00000002)
    .ARM.Collect$$rtexit$$00000003           0x080001e6   Section        4  rtexit2.o(.ARM.Collect$$rtexit$$00000003)
    .ARM.Collect$$rtexit$$00000004           0x080001ea   Section        6  rtexit2.o(.ARM.Collect$$rtexit$$00000004)
    .text                                    0x080001f0   Section        0  main.o(.text)
    __set_FAULTMASK                          0x0800242b   Thumb Code    10  main.o(.text)
    NVIC_SystemReset                         0x08002435   Thumb Code    26  main.o(.text)
    .text                                    0x08002484   Section        0  stm32f10x_it.o(.text)
    .text                                    0x080024a0   Section        0  system_stm32f10x.o(.text)
    SetSysClockTo72                          0x080024a1   Thumb Code   214  system_stm32f10x.o(.text)
    SetSysClock                              0x08002577   Thumb Code     8  system_stm32f10x.o(.text)
    .text                                    0x08002680   Section        0  led.o(.text)
    .text                                    0x08002804   Section        0  key.o(.text)
    .text                                    0x08002900   Section        0  timer.o(.text)
    .text                                    0x08002b80   Section        0  flash.o(.text)
    .text                                    0x08002fe8   Section        0  rc522_1.o(.text)
    .text                                    0x0800372c   Section        0  rc522_2.o(.text)
    .text                                    0x08003e90   Section        0  delay.o(.text)
    .text                                    0x08003f64   Section        0  usart.o(.text)
    .text                                    0x080040a4   Section       64  startup_stm32f10x_hd.o(.text)
    .text                                    0x080040e4   Section        0  stm32f10x_gpio.o(.text)
    .text                                    0x08004440   Section        0  stm32f10x_rcc.o(.text)
    .text                                    0x080047e4   Section        0  stm32f10x_usart.o(.text)
    .text                                    0x08004bec   Section        0  misc.o(.text)
    .text                                    0x08004cc8   Section        0  stm32f10x_spi.o(.text)
    .text                                    0x08004fd4   Section        0  stm32f10x_tim.o(.text)
    TI4_Config                               0x0800547b   Thumb Code   130  stm32f10x_tim.o(.text)
    TI3_Config                               0x0800550f   Thumb Code   122  stm32f10x_tim.o(.text)
    TI2_Config                               0x080055a3   Thumb Code   130  stm32f10x_tim.o(.text)
    TI1_Config                               0x08005637   Thumb Code   108  stm32f10x_tim.o(.text)
    .text                                    0x08005dee   Section        2  use_no_semi_2.o(.text)
    .text                                    0x08005df0   Section        0  noretval__2printf.o(.text)
    .text                                    0x08005e08   Section        0  _printf_pad.o(.text)
    .text                                    0x08005e56   Section        0  _printf_str.o(.text)
    .text                                    0x08005ea8   Section        0  _printf_dec.o(.text)
    .text                                    0x08005f20   Section        0  __printf_flags_wp.o(.text)
    .text                                    0x08006058   Section      138  rt_memcpy_v6.o(.text)
    .text                                    0x080060e2   Section        0  heapauxi.o(.text)
    .text                                    0x080060e8   Section        2  use_no_semi.o(.text)
    .text                                    0x080060ea   Section        0  _printf_intcommon.o(.text)
    .text                                    0x0800619c   Section        0  _printf_fp_dec.o(.text)
    _fp_digits                               0x0800619f   Thumb Code   428  _printf_fp_dec.o(.text)
    .text                                    0x080065b6   Section        0  _printf_char.o(.text)
    .text                                    0x080065e4   Section        0  _printf_char_file.o(.text)
    .text                                    0x08006608   Section      100  rt_memcpy_w.o(.text)
    .text                                    0x0800666c   Section        8  rt_locale_intlibspace.o(.text)
    .text                                    0x08006674   Section      138  lludiv10.o(.text)
    .text                                    0x08006700   Section        0  _printf_char_common.o(.text)
    _printf_input_char                       0x08006701   Thumb Code    10  _printf_char_common.o(.text)
    .text                                    0x08006730   Section        0  _printf_fp_infnan.o(.text)
    .text                                    0x080067b0   Section        0  bigflt0.o(.text)
    .text                                    0x0800688c   Section        0  ferror.o(.text)
    .text                                    0x08006894   Section        8  libspace.o(.text)
    .text                                    0x0800689c   Section       74  sys_stackheap_outer.o(.text)
    .text                                    0x080068e6   Section        0  exit.o(.text)
    .text                                    0x080068f4   Section      128  strcmpv7m.o(.text)
    CL$$btod_d2e                             0x08006974   Section       62  btod.o(CL$$btod_d2e)
    CL$$btod_d2e_denorm_low                  0x080069b2   Section       70  btod.o(CL$$btod_d2e_denorm_low)
    CL$$btod_d2e_norm_op1                    0x080069f8   Section       96  btod.o(CL$$btod_d2e_norm_op1)
    CL$$btod_div_common                      0x08006a58   Section      824  btod.o(CL$$btod_div_common)
    CL$$btod_e2e                             0x08006d90   Section      198  btod.o(CL$$btod_e2e)
    CL$$btod_ediv                            0x08006e56   Section       40  btod.o(CL$$btod_ediv)
    CL$$btod_emul                            0x08006e7e   Section       40  btod.o(CL$$btod_emul)
    CL$$btod_mult_common                     0x08006ea6   Section      580  btod.o(CL$$btod_mult_common)
    i.__ARM_fpclassify                       0x080070ea   Section        0  fpclassify.o(i.__ARM_fpclassify)
    i._is_digit                              0x08007112   Section        0  __printf_wp.o(i._is_digit)
    locale$$code                             0x08007120   Section       44  lc_numeric_c.o(locale$$code)
    x$fpl$dcmpinf                            0x0800714c   Section       24  dcmpi.o(x$fpl$dcmpinf)
    x$fpl$ddiv                               0x08007164   Section      688  ddiv.o(x$fpl$ddiv)
    ddiv_entry                               0x0800716b   Thumb Code     0  ddiv.o(x$fpl$ddiv)
    x$fpl$dfltu                              0x08007414   Section       38  dflt_clz.o(x$fpl$dfltu)
    x$fpl$dleqf                              0x0800743c   Section      120  dleqf.o(x$fpl$dleqf)
    x$fpl$dmul                               0x080074b4   Section      340  dmul.o(x$fpl$dmul)
    x$fpl$dnaninf                            0x08007608   Section      156  dnaninf.o(x$fpl$dnaninf)
    x$fpl$dretinf                            0x080076a4   Section       12  dretinf.o(x$fpl$dretinf)
    x$fpl$drleqf                             0x080076b0   Section      108  drleqf.o(x$fpl$drleqf)
    x$fpl$printf1                            0x0800771c   Section        4  printf1.o(x$fpl$printf1)
    .constdata                               0x08007720   Section       17  __printf_flags_wp.o(.constdata)
    x$fpl$usenofp                            0x08007720   Section        0  usenofp.o(x$fpl$usenofp)
    maptable                                 0x08007720   Data          17  __printf_flags_wp.o(.constdata)
    .constdata                               0x08007734   Section      148  bigflt0.o(.constdata)
    tenpwrs_x                                0x08007734   Data          60  bigflt0.o(.constdata)
    tenpwrs_i                                0x08007770   Data          64  bigflt0.o(.constdata)
    locale$$data                             0x080077e8   Section       28  lc_numeric_c.o(locale$$data)
    __lcnum_c_name                           0x080077ec   Data           2  lc_numeric_c.o(locale$$data)
    __lcnum_c_start                          0x080077f4   Data           0  lc_numeric_c.o(locale$$data)
    __lcnum_c_point                          0x08007800   Data           0  lc_numeric_c.o(locale$$data)
    __lcnum_c_thousands                      0x08007802   Data           0  lc_numeric_c.o(locale$$data)
    __lcnum_c_grouping                       0x08007803   Data           0  lc_numeric_c.o(locale$$data)
    __lcnum_c_end                            0x08007804   Data           0  lc_numeric_c.o(locale$$data)
    .data                                    0x20000000   Section      123  main.o(.data)
    .data                                    0x2000007c   Section       20  system_stm32f10x.o(.data)
    .data                                    0x20000090   Section        1  key.o(.data)
    key_up                                   0x20000090   Data           1  key.o(.data)
    .data                                    0x20000092   Section        2  flash.o(.data)
    .data                                    0x20000094   Section        4  delay.o(.data)
    fac_us                                   0x20000094   Data           1  delay.o(.data)
    fac_ms                                   0x20000096   Data           2  delay.o(.data)
    .data                                    0x20000098   Section        6  usart.o(.data)
    .data                                    0x2000009e   Section       20  stm32f10x_rcc.o(.data)
    APBAHBPrescTable                         0x2000009e   Data          16  stm32f10x_rcc.o(.data)
    ADCPrescTable                            0x200000ae   Data           4  stm32f10x_rcc.o(.data)
    .bss                                     0x200000b8   Section     2000  main.o(.bss)
    .bss                                     0x20000888   Section     4114  flash.o(.bss)
    .bss                                     0x2000189a   Section      200  usart.o(.bss)
    .bss                                     0x20001964   Section       96  libspace.o(.bss)
    HEAP                                     0x200019c8   Section      512  startup_stm32f10x_hd.o(HEAP)
    Heap_Mem                                 0x200019c8   Data         512  startup_stm32f10x_hd.o(HEAP)
    STACK                                    0x20001bc8   Section     1024  startup_stm32f10x_hd.o(STACK)
    Stack_Mem                                0x20001bc8   Data        1024  startup_stm32f10x_hd.o(STACK)
    __initial_sp                             0x20001fc8   Data           0  startup_stm32f10x_hd.o(STACK)

    Global Symbols

    Symbol Name                              Value     Ov Type        Size  Object(Section)

    BuildAttributes$$THM_ISAv4$P$D$K$B$S$PE$A:L22UL41UL21$X:L11$S22US41US21$IEEE1$IW$USESV6$~STKCKD$USESV7$~SHL$OTIME$ROPI$IEEEJ$EBA8$UX$STANDARDLIB$REQ8$PRES8$EABIv2 0x00000000   Number         0  anon$$obj.o ABSOLUTE
    __ARM_use_no_argv                        0x00000000   Number         0  main.o ABSOLUTE
    _printf_flags                            0x00000000   Number         0  printf_stubs.o ABSOLUTE
    _printf_return_value                     0x00000000   Number         0  printf_stubs.o ABSOLUTE
    _printf_sizespec                         0x00000000   Number         0  printf_stubs.o ABSOLUTE
    _printf_widthprec                        0x00000000   Number         0  printf_stubs.o ABSOLUTE
    __ARM_exceptions_init                     - Undefined Weak Reference
    __alloca_initialize                       - Undefined Weak Reference
    __arm_preinit_                            - Undefined Weak Reference
    __cpp_initialize__aeabi_                  - Undefined Weak Reference
    __cxa_finalize                            - Undefined Weak Reference
    __sigvec_lookup                           - Undefined Weak Reference
    _atexit_init                              - Undefined Weak Reference
    _call_atexit_fns                          - Undefined Weak Reference
    _clock_init                               - Undefined Weak Reference
    _fp_trap_init                             - Undefined Weak Reference
    _fp_trap_shutdown                         - Undefined Weak Reference
    _get_lc_collate                           - Undefined Weak Reference
    _get_lc_ctype                             - Undefined Weak Reference
    _get_lc_monetary                          - Undefined Weak Reference
    _get_lc_time                              - Undefined Weak Reference
    _getenv_init                              - Undefined Weak Reference
    _handle_redirection                       - Undefined Weak Reference
    _init_alloc                               - Undefined Weak Reference
    _init_user_alloc                          - Undefined Weak Reference
    _initio                                   - Undefined Weak Reference
    _mutex_acquire                            - Undefined Weak Reference
    _mutex_release                            - Undefined Weak Reference
    _printf_mbtowc                            - Undefined Weak Reference
    _printf_truncate_signed                   - Undefined Weak Reference
    _printf_truncate_unsigned                 - Undefined Weak Reference
    _rand_init                                - Undefined Weak Reference
    _signal_finish                            - Undefined Weak Reference
    _signal_init                              - Undefined Weak Reference
    _terminate_alloc                          - Undefined Weak Reference
    _terminate_user_alloc                     - Undefined Weak Reference
    _terminateio                              - Undefined Weak Reference
    __Vectors_Size                           0x00000130   Number         0  startup_stm32f10x_hd.o ABSOLUTE
    __Vectors                                0x08000000   Data           4  startup_stm32f10x_hd.o(RESET)
    __Vectors_End                            0x08000130   Data           0  startup_stm32f10x_hd.o(RESET)
    __main                                   0x08000131   Thumb Code     8  __main.o(!!!main)
    __scatterload                            0x08000139   Thumb Code     0  __scatter.o(!!!scatter)
    __scatterload_rt2                        0x08000139   Thumb Code    44  __scatter.o(!!!scatter)
    __scatterload_rt2_thumb_only             0x08000139   Thumb Code     0  __scatter.o(!!!scatter)
    __scatterload_null                       0x08000147   Thumb Code     0  __scatter.o(!!!scatter)
    __scatterload_copy                       0x0800016d   Thumb Code    26  __scatter_copy.o(!!handler_copy)
    __scatterload_zeroinit                   0x08000189   Thumb Code    28  __scatter_zi.o(!!handler_zi)
    _printf_f                                0x080001a5   Thumb Code     0  _printf_f.o(.ARM.Collect$$_printf_percent$$00000003)
    _printf_percent                          0x080001a5   Thumb Code     0  _printf_percent.o(.ARM.Collect$$_printf_percent$$00000000)
    _printf_d                                0x080001ab   Thumb Code     0  _printf_d.o(.ARM.Collect$$_printf_percent$$00000009)
    _printf_c                                0x080001b1   Thumb Code     0  _printf_c.o(.ARM.Collect$$_printf_percent$$00000013)
    _printf_percent_end                      0x080001b7   Thumb Code     0  _printf_percent_end.o(.ARM.Collect$$_printf_percent$$00000017)
    __rt_lib_init                            0x080001bb   Thumb Code     0  libinit.o(.ARM.Collect$$libinit$$00000000)
    __rt_lib_init_fp_1                       0x080001bd   Thumb Code     0  libinit2.o(.ARM.Collect$$libinit$$00000002)
    __rt_lib_init_heap_1                     0x080001bd   Thumb Code     0  libinit2.o(.ARM.Collect$$libinit$$0000000A)
    __rt_lib_init_lc_common                  0x080001bd   Thumb Code     0  libinit2.o(.ARM.Collect$$libinit$$0000000F)
    __rt_lib_init_preinit_1                  0x080001bd   Thumb Code     0  libinit2.o(.ARM.Collect$$libinit$$00000004)
    __rt_lib_init_rand_1                     0x080001bd   Thumb Code     0  libinit2.o(.ARM.Collect$$libinit$$0000000E)
    __rt_lib_init_user_alloc_1               0x080001bd   Thumb Code     0  libinit2.o(.ARM.Collect$$libinit$$0000000C)
    __rt_lib_init_lc_collate_1               0x080001c3   Thumb Code     0  libinit2.o(.ARM.Collect$$libinit$$00000011)
    __rt_lib_init_lc_ctype_1                 0x080001c3   Thumb Code     0  libinit2.o(.ARM.Collect$$libinit$$00000013)
    __rt_lib_init_lc_monetary_1              0x080001c3   Thumb Code     0  libinit2.o(.ARM.Collect$$libinit$$00000015)
    __rt_lib_init_lc_numeric_2               0x080001c3   Thumb Code     0  libinit2.o(.ARM.Collect$$libinit$$00000016)
    __rt_lib_init_alloca_1                   0x080001cd   Thumb Code     0  libinit2.o(.ARM.Collect$$libinit$$0000002E)
    __rt_lib_init_argv_1                     0x080001cd   Thumb Code     0  libinit2.o(.ARM.Collect$$libinit$$0000002C)
    __rt_lib_init_atexit_1                   0x080001cd   Thumb Code     0  libinit2.o(.ARM.Collect$$libinit$$0000001B)
    __rt_lib_init_clock_1                    0x080001cd   Thumb Code     0  libinit2.o(.ARM.Collect$$libinit$$00000021)
    __rt_lib_init_cpp_1                      0x080001cd   Thumb Code     0  libinit2.o(.ARM.Collect$$libinit$$00000032)
    __rt_lib_init_exceptions_1               0x080001cd   Thumb Code     0  libinit2.o(.ARM.Collect$$libinit$$00000030)
    __rt_lib_init_fp_trap_1                  0x080001cd   Thumb Code     0  libinit2.o(.ARM.Collect$$libinit$$0000001F)
    __rt_lib_init_getenv_1                   0x080001cd   Thumb Code     0  libinit2.o(.ARM.Collect$$libinit$$00000023)
    __rt_lib_init_lc_numeric_1               0x080001cd   Thumb Code     0  libinit2.o(.ARM.Collect$$libinit$$00000017)
    __rt_lib_init_lc_time_1                  0x080001cd   Thumb Code     0  libinit2.o(.ARM.Collect$$libinit$$00000019)
    __rt_lib_init_return                     0x080001cd   Thumb Code     0  libinit2.o(.ARM.Collect$$libinit$$00000033)
    __rt_lib_init_signal_1                   0x080001cd   Thumb Code     0  libinit2.o(.ARM.Collect$$libinit$$0000001D)
    __rt_lib_init_stdio_1                    0x080001cd   Thumb Code     0  libinit2.o(.ARM.Collect$$libinit$$00000025)
    __rt_lib_shutdown                        0x080001cf   Thumb Code     0  libshutdown.o(.ARM.Collect$$libshutdown$$00000000)
    __rt_lib_shutdown_fp_trap_1              0x080001d1   Thumb Code     0  libshutdown2.o(.ARM.Collect$$libshutdown$$00000006)
    __rt_lib_shutdown_heap_1                 0x080001d1   Thumb Code     0  libshutdown2.o(.ARM.Collect$$libshutdown$$0000000E)
    __rt_lib_shutdown_return                 0x080001d1   Thumb Code     0  libshutdown2.o(.ARM.Collect$$libshutdown$$0000000F)
    __rt_lib_shutdown_signal_1               0x080001d1   Thumb Code     0  libshutdown2.o(.ARM.Collect$$libshutdown$$00000009)
    __rt_lib_shutdown_stdio_1                0x080001d1   Thumb Code     0  libshutdown2.o(.ARM.Collect$$libshutdown$$00000003)
    __rt_lib_shutdown_user_alloc_1           0x080001d1   Thumb Code     0  libshutdown2.o(.ARM.Collect$$libshutdown$$0000000B)
    __rt_entry                               0x080001d3   Thumb Code     0  __rtentry.o(.ARM.Collect$$rtentry$$00000000)
    __rt_entry_presh_1                       0x080001d3   Thumb Code     0  __rtentry2.o(.ARM.Collect$$rtentry$$00000002)
    __rt_entry_sh                            0x080001d3   Thumb Code     0  __rtentry4.o(.ARM.Collect$$rtentry$$00000004)
    __rt_entry_li                            0x080001d9   Thumb Code     0  __rtentry2.o(.ARM.Collect$$rtentry$$0000000A)
    __rt_entry_postsh_1                      0x080001d9   Thumb Code     0  __rtentry2.o(.ARM.Collect$$rtentry$$00000009)
    __rt_entry_main                          0x080001dd   Thumb Code     0  __rtentry2.o(.ARM.Collect$$rtentry$$0000000D)
    __rt_entry_postli_1                      0x080001dd   Thumb Code     0  __rtentry2.o(.ARM.Collect$$rtentry$$0000000C)
    __rt_exit                                0x080001e5   Thumb Code     0  rtexit.o(.ARM.Collect$$rtexit$$00000000)
    __rt_exit_ls                             0x080001e7   Thumb Code     0  rtexit2.o(.ARM.Collect$$rtexit$$00000003)
    __rt_exit_prels_1                        0x080001e7   Thumb Code     0  rtexit2.o(.ARM.Collect$$rtexit$$00000002)
    __rt_exit_exit                           0x080001eb   Thumb Code     0  rtexit2.o(.ARM.Collect$$rtexit$$00000004)
    Printing                                 0x080001f1   Thumb Code    28  main.o(.text)
    Request_Anticoll                         0x0800020d   Thumb Code   146  main.o(.text)
    Save_RFID                                0x0800029f   Thumb Code   800  main.o(.text)
    Read_RFID                                0x080005bf   Thumb Code   470  main.o(.text)
    STOP                                     0x08000795   Thumb Code   270  main.o(.text)
    Control_BACK                             0x080008a3   Thumb Code  1426  main.o(.text)
    Control_GO                               0x08000e35   Thumb Code  1326  main.o(.text)
    Read_IO                                  0x08001363   Thumb Code    94  main.o(.text)
    Model_Control                            0x080013c1   Thumb Code   604  main.o(.text)
    Auto_BACK                                0x0800161d   Thumb Code  1182  main.o(.text)
    Auto_GO                                  0x08001abb   Thumb Code  1160  main.o(.text)
    Model_Automatically                      0x08001f43   Thumb Code   542  main.o(.text)
    main                                     0x08002161   Thumb Code   714  main.o(.text)
    NMI_Handler                              0x08002485   Thumb Code     2  stm32f10x_it.o(.text)
    HardFault_Handler                        0x08002487   Thumb Code     4  stm32f10x_it.o(.text)
    MemManage_Handler                        0x0800248b   Thumb Code     4  stm32f10x_it.o(.text)
    BusFault_Handler                         0x0800248f   Thumb Code     4  stm32f10x_it.o(.text)
    UsageFault_Handler                       0x08002493   Thumb Code     4  stm32f10x_it.o(.text)
    SVC_Handler                              0x08002497   Thumb Code     2  stm32f10x_it.o(.text)
    DebugMon_Handler                         0x08002499   Thumb Code     2  stm32f10x_it.o(.text)
    PendSV_Handler                           0x0800249b   Thumb Code     2  stm32f10x_it.o(.text)
    SysTick_Handler                          0x0800249d   Thumb Code     2  stm32f10x_it.o(.text)
    SystemInit                               0x0800257f   Thumb Code    78  system_stm32f10x.o(.text)
    SystemCoreClockUpdate                    0x080025cd   Thumb Code   142  system_stm32f10x.o(.text)
    LED_Init                                 0x08002681   Thumb Code    72  led.o(.text)
    RELAY_IO_Init                            0x080026c9   Thumb Code    94  led.o(.text)
    IO_OUT_Init                              0x08002727   Thumb Code   102  led.o(.text)
    IO_IN_Init                               0x0800278d   Thumb Code    82  led.o(.text)
    IOStatus_Catch                           0x080027df   Thumb Code    20  led.o(.text)
    KEY_Init                                 0x08002805   Thumb Code    82  key.o(.text)
    KEY_Scan                                 0x08002857   Thumb Code   154  key.o(.text)
    TIM3_Int_Init                            0x08002901   Thumb Code    82  timer.o(.text)
    TIM3_IRQHandler                          0x08002953   Thumb Code    32  timer.o(.text)
    TIM3_OPEN                                0x08002973   Thumb Code    28  timer.o(.text)
    TIM3_CLOSE                               0x0800298f   Thumb Code    12  timer.o(.text)
    TIM2_Int_Init                            0x0800299b   Thumb Code    80  timer.o(.text)
    TIM2_IRQHandler                          0x080029eb   Thumb Code    32  timer.o(.text)
    TIM2_OPEN                                0x08002a0b   Thumb Code    24  timer.o(.text)
    TIM2_CLOSE                               0x08002a23   Thumb Code    14  timer.o(.text)
    TIM4_Int_Init                            0x08002a31   Thumb Code    82  timer.o(.text)
    TIM4_IRQHandler                          0x08002a83   Thumb Code    32  timer.o(.text)
    TIM4_OPEN                                0x08002aa3   Thumb Code    28  timer.o(.text)
    TIM4_CLOSE                               0x08002abf   Thumb Code    12  timer.o(.text)
    TIM5_Int_Init                            0x08002acb   Thumb Code    82  timer.o(.text)
    TIM5_IRQHandler                          0x08002b1d   Thumb Code    32  timer.o(.text)
    TIM5_OPEN                                0x08002b3d   Thumb Code    28  timer.o(.text)
    TIM5_CLOSE                               0x08002b59   Thumb Code    12  timer.o(.text)
    SPI3_ReadWriteByte                       0x08002b81   Thumb Code    78  flash.o(.text)
    SPI3_Init                                0x08002bcf   Thumb Code   158  flash.o(.text)
    SPI3_SetSpeed                            0x08002c6d   Thumb Code    26  flash.o(.text)
    SPI_Flash_ReadID                         0x08002c87   Thumb Code    64  flash.o(.text)
    SPI_Flash_Init                           0x08002cc7   Thumb Code    64  flash.o(.text)
    SPI_Flash_ReadSR                         0x08002d07   Thumb Code    36  flash.o(.text)
    SPI_FLASH_Write_SR                       0x08002d2b   Thumb Code    32  flash.o(.text)
    SPI_FLASH_Write_Enable                   0x08002d4b   Thumb Code    24  flash.o(.text)
    SPI_FLASH_Write_Disable                  0x08002d63   Thumb Code    24  flash.o(.text)
    SPI_Flash_Read                           0x08002d7b   Thumb Code    74  flash.o(.text)
    SPI_Flash_Wait_Busy                      0x08002dc5   Thumb Code    18  flash.o(.text)
    SPI_Flash_Write_Page                     0x08002dd7   Thumb Code    80  flash.o(.text)
    SPI_Flash_Write_NoCheck                  0x08002e27   Thumb Code    70  flash.o(.text)
    SPI_Flash_Erase_Sector                   0x08002e6d   Thumb Code    62  flash.o(.text)
    SPI_Flash_Write                          0x08002eab   Thumb Code   176  flash.o(.text)
    SPI_Flash_Erase_Chip                     0x08002f5b   Thumb Code    74  flash.o(.text)
    SPI_Flash_PowerDown                      0x08002fa5   Thumb Code    30  flash.o(.text)
    SPI_Flash_WAKEUP                         0x08002fc3   Thumb Code    30  flash.o(.text)
    SPI1_RC522_SendByte                      0x08002fe9   Thumb Code    50  rc522_1.o(.text)
    WriteRawRC_1                             0x0800301b   Thumb Code    42  rc522_1.o(.text)
    ReadRawRC_1                              0x08003045   Thumb Code    48  rc522_1.o(.text)
    ClearBitMask_1                           0x08003075   Thumb Code    26  rc522_1.o(.text)
    PcdAntennaOff_1                          0x0800308f   Thumb Code    12  rc522_1.o(.text)
    SetBitMask_1                             0x0800309b   Thumb Code    26  rc522_1.o(.text)
    PcdAntennaOn_1                           0x080030b5   Thumb Code    26  rc522_1.o(.text)
    M500PcdConfigISOType_1                   0x080030cf   Thumb Code    84  rc522_1.o(.text)
    PcdReset_1                               0x08003123   Thumb Code   130  rc522_1.o(.text)
    SPI1_Init                                0x080031a5   Thumb Code   226  rc522_1.o(.text)
    RC522_1_Init                             0x08003287   Thumb Code    52  rc522_1.o(.text)
    PcdComMF522_1                            0x080032bb   Thumb Code   320  rc522_1.o(.text)
    PcdRequest_1                             0x080033fb   Thumb Code    84  rc522_1.o(.text)
    PcdAnticoll_1                            0x0800344f   Thumb Code   112  rc522_1.o(.text)
    CalulateCRC_1                            0x080034bf   Thumb Code   108  rc522_1.o(.text)
    PcdSelect_1                              0x0800352b   Thumb Code   114  rc522_1.o(.text)
    PcdAuthState_1                           0x0800359d   Thumb Code   110  rc522_1.o(.text)
    PcdWrite_1                               0x0800360b   Thumb Code   156  rc522_1.o(.text)
    PcdRead_1                                0x080036a7   Thumb Code    84  rc522_1.o(.text)
    PcdHalt_1                                0x080036fb   Thumb Code    50  rc522_1.o(.text)
    SPI2_RC522_SendByte                      0x0800372d   Thumb Code    50  rc522_2.o(.text)
    WriteRawRC_2                             0x0800375f   Thumb Code    46  rc522_2.o(.text)
    ReadRawRC_2                              0x0800378d   Thumb Code    52  rc522_2.o(.text)
    ClearBitMask_2                           0x080037c1   Thumb Code    26  rc522_2.o(.text)
    PcdAntennaOff_2                          0x080037db   Thumb Code    12  rc522_2.o(.text)
    SetBitMask_2                             0x080037e7   Thumb Code    26  rc522_2.o(.text)
    PcdAntennaOn_2                           0x08003801   Thumb Code    26  rc522_2.o(.text)
    M500PcdConfigISOType_2                   0x0800381b   Thumb Code    84  rc522_2.o(.text)
    PcdReset_2                               0x0800386f   Thumb Code   130  rc522_2.o(.text)
    SPI2_Init                                0x080038f1   Thumb Code   244  rc522_2.o(.text)
    RC522_2_Init                             0x080039e5   Thumb Code    52  rc522_2.o(.text)
    PcdComMF522_2                            0x08003a19   Thumb Code   326  rc522_2.o(.text)
    PcdRequest_2                             0x08003b5f   Thumb Code    84  rc522_2.o(.text)
    PcdAnticoll_2                            0x08003bb3   Thumb Code   112  rc522_2.o(.text)
    CalulateCRC_2                            0x08003c23   Thumb Code   108  rc522_2.o(.text)
    PcdSelect_2                              0x08003c8f   Thumb Code   114  rc522_2.o(.text)
    PcdAuthState_2                           0x08003d01   Thumb Code   110  rc522_2.o(.text)
    PcdWrite_2                               0x08003d6f   Thumb Code   156  rc522_2.o(.text)
    PcdRead_2                                0x08003e0b   Thumb Code    84  rc522_2.o(.text)
    PcdHalt_2                                0x08003e5f   Thumb Code    50  rc522_2.o(.text)
    delay_init                               0x08003e91   Thumb Code    50  delay.o(.text)
    delay_us                                 0x08003ec3   Thumb Code    72  delay.o(.text)
    delay_ms                                 0x08003f0b   Thumb Code    72  delay.o(.text)
    _sys_exit                                0x08003f65   Thumb Code     6  usart.o(.text)
    fputc                                    0x08003f6b   Thumb Code    24  usart.o(.text)
    uart_init                                0x08003f83   Thumb Code   152  usart.o(.text)
    USART1_IRQHandler                        0x0800401b   Thumb Code   122  usart.o(.text)
    Reset_Handler                            0x080040a5   Thumb Code     8  startup_stm32f10x_hd.o(.text)
    ADC1_2_IRQHandler                        0x080040bf   Thumb Code     0  startup_stm32f10x_hd.o(.text)
    ADC3_IRQHandler                          0x080040bf   Thumb Code     0  startup_stm32f10x_hd.o(.text)
    CAN1_RX1_IRQHandler                      0x080040bf   Thumb Code     0  startup_stm32f10x_hd.o(.text)
    CAN1_SCE_IRQHandler                      0x080040bf   Thumb Code     0  startup_stm32f10x_hd.o(.text)
    DMA1_Channel1_IRQHandler                 0x080040bf   Thumb Code     0  startup_stm32f10x_hd.o(.text)
    DMA1_Channel2_IRQHandler                 0x080040bf   Thumb Code     0  startup_stm32f10x_hd.o(.text)
    DMA1_Channel3_IRQHandler                 0x080040bf   Thumb Code     0  startup_stm32f10x_hd.o(.text)
    DMA1_Channel4_IRQHandler                 0x080040bf   Thumb Code     0  startup_stm32f10x_hd.o(.text)
    DMA1_Channel5_IRQHandler                 0x080040bf   Thumb Code     0  startup_stm32f10x_hd.o(.text)
    DMA1_Channel6_IRQHandler                 0x080040bf   Thumb Code     0  startup_stm32f10x_hd.o(.text)
    DMA1_Channel7_IRQHandler                 0x080040bf   Thumb Code     0  startup_stm32f10x_hd.o(.text)
    DMA2_Channel1_IRQHandler                 0x080040bf   Thumb Code     0  startup_stm32f10x_hd.o(.text)
    DMA2_Channel2_IRQHandler                 0x080040bf   Thumb Code     0  startup_stm32f10x_hd.o(.text)
    DMA2_Channel3_IRQHandler                 0x080040bf   Thumb Code     0  startup_stm32f10x_hd.o(.text)
    DMA2_Channel4_5_IRQHandler               0x080040bf   Thumb Code     0  startup_stm32f10x_hd.o(.text)
    EXTI0_IRQHandler                         0x080040bf   Thumb Code     0  startup_stm32f10x_hd.o(.text)
    EXTI15_10_IRQHandler                     0x080040bf   Thumb Code     0  startup_stm32f10x_hd.o(.text)
    EXTI1_IRQHandler                         0x080040bf   Thumb Code     0  startup_stm32f10x_hd.o(.text)
    EXTI2_IRQHandler                         0x080040bf   Thumb Code     0  startup_stm32f10x_hd.o(.text)
    EXTI3_IRQHandler                         0x080040bf   Thumb Code     0  startup_stm32f10x_hd.o(.text)
    EXTI4_IRQHandler                         0x080040bf   Thumb Code     0  startup_stm32f10x_hd.o(.text)
    EXTI9_5_IRQHandler                       0x080040bf   Thumb Code     0  startup_stm32f10x_hd.o(.text)
    FLASH_IRQHandler                         0x080040bf   Thumb Code     0  startup_stm32f10x_hd.o(.text)
    FSMC_IRQHandler                          0x080040bf   Thumb Code     0  startup_stm32f10x_hd.o(.text)
    I2C1_ER_IRQHandler                       0x080040bf   Thumb Code     0  startup_stm32f10x_hd.o(.text)
    I2C1_EV_IRQHandler                       0x080040bf   Thumb Code     0  startup_stm32f10x_hd.o(.text)
    I2C2_ER_IRQHandler                       0x080040bf   Thumb Code     0  startup_stm32f10x_hd.o(.text)
    I2C2_EV_IRQHandler                       0x080040bf   Thumb Code     0  startup_stm32f10x_hd.o(.text)
    PVD_IRQHandler                           0x080040bf   Thumb Code     0  startup_stm32f10x_hd.o(.text)
    RCC_IRQHandler                           0x080040bf   Thumb Code     0  startup_stm32f10x_hd.o(.text)
    RTCAlarm_IRQHandler                      0x080040bf   Thumb Code     0  startup_stm32f10x_hd.o(.text)
    RTC_IRQHandler                           0x080040bf   Thumb Code     0  startup_stm32f10x_hd.o(.text)
    SDIO_IRQHandler                          0x080040bf   Thumb Code     0  startup_stm32f10x_hd.o(.text)
    SPI1_IRQHandler                          0x080040bf   Thumb Code     0  startup_stm32f10x_hd.o(.text)
    SPI2_IRQHandler                          0x080040bf   Thumb Code     0  startup_stm32f10x_hd.o(.text)
    SPI3_IRQHandler                          0x080040bf   Thumb Code     0  startup_stm32f10x_hd.o(.text)
    TAMPER_IRQHandler                        0x080040bf   Thumb Code     0  startup_stm32f10x_hd.o(.text)
    TIM1_BRK_IRQHandler                      0x080040bf   Thumb Code     0  startup_stm32f10x_hd.o(.text)
    TIM1_CC_IRQHandler                       0x080040bf   Thumb Code     0  startup_stm32f10x_hd.o(.text)
    TIM1_TRG_COM_IRQHandler                  0x080040bf   Thumb Code     0  startup_stm32f10x_hd.o(.text)
    TIM1_UP_IRQHandler                       0x080040bf   Thumb Code     0  startup_stm32f10x_hd.o(.text)
    TIM6_IRQHandler                          0x080040bf   Thumb Code     0  startup_stm32f10x_hd.o(.text)
    TIM7_IRQHandler                          0x080040bf   Thumb Code     0  startup_stm32f10x_hd.o(.text)
    TIM8_BRK_IRQHandler                      0x080040bf   Thumb Code     0  startup_stm32f10x_hd.o(.text)
    TIM8_CC_IRQHandler                       0x080040bf   Thumb Code     0  startup_stm32f10x_hd.o(.text)
    TIM8_TRG_COM_IRQHandler                  0x080040bf   Thumb Code     0  startup_stm32f10x_hd.o(.text)
    TIM8_UP_IRQHandler                       0x080040bf   Thumb Code     0  startup_stm32f10x_hd.o(.text)
    UART4_IRQHandler                         0x080040bf   Thumb Code     0  startup_stm32f10x_hd.o(.text)
    UART5_IRQHandler                         0x080040bf   Thumb Code     0  startup_stm32f10x_hd.o(.text)
    USART2_IRQHandler                        0x080040bf   Thumb Code     0  startup_stm32f10x_hd.o(.text)
    USART3_IRQHandler                        0x080040bf   Thumb Code     0  startup_stm32f10x_hd.o(.text)
    USBWakeUp_IRQHandler                     0x080040bf   Thumb Code     0  startup_stm32f10x_hd.o(.text)
    USB_HP_CAN1_TX_IRQHandler                0x080040bf   Thumb Code     0  startup_stm32f10x_hd.o(.text)
    USB_LP_CAN1_RX0_IRQHandler               0x080040bf   Thumb Code     0  startup_stm32f10x_hd.o(.text)
    WWDG_IRQHandler                          0x080040bf   Thumb Code     0  startup_stm32f10x_hd.o(.text)
    __user_initial_stackheap                 0x080040c1   Thumb Code     0  startup_stm32f10x_hd.o(.text)
    GPIO_DeInit                              0x080040e5   Thumb Code   172  stm32f10x_gpio.o(.text)
    GPIO_AFIODeInit                          0x08004191   Thumb Code    20  stm32f10x_gpio.o(.text)
    GPIO_Init                                0x080041a5   Thumb Code   278  stm32f10x_gpio.o(.text)
    GPIO_StructInit                          0x080042bb   Thumb Code    16  stm32f10x_gpio.o(.text)
    GPIO_ReadInputDataBit                    0x080042cb   Thumb Code    18  stm32f10x_gpio.o(.text)
    GPIO_ReadInputData                       0x080042dd   Thumb Code     8  stm32f10x_gpio.o(.text)
    GPIO_ReadOutputDataBit                   0x080042e5   Thumb Code    18  stm32f10x_gpio.o(.text)
    GPIO_ReadOutputData                      0x080042f7   Thumb Code     8  stm32f10x_gpio.o(.text)
    GPIO_SetBits                             0x080042ff   Thumb Code     4  stm32f10x_gpio.o(.text)
    GPIO_ResetBits                           0x08004303   Thumb Code     4  stm32f10x_gpio.o(.text)
    GPIO_WriteBit                            0x08004307   Thumb Code    10  stm32f10x_gpio.o(.text)
    GPIO_Write                               0x08004311   Thumb Code     4  stm32f10x_gpio.o(.text)
    GPIO_PinLockConfig                       0x08004315   Thumb Code    18  stm32f10x_gpio.o(.text)
    GPIO_EventOutputConfig                   0x08004327   Thumb Code    26  stm32f10x_gpio.o(.text)
    GPIO_EventOutputCmd                      0x08004341   Thumb Code     6  stm32f10x_gpio.o(.text)
    GPIO_PinRemapConfig                      0x08004347   Thumb Code   138  stm32f10x_gpio.o(.text)
    GPIO_EXTILineConfig                      0x080043d1   Thumb Code    66  stm32f10x_gpio.o(.text)
    GPIO_ETH_MediaInterfaceConfig            0x08004413   Thumb Code     8  stm32f10x_gpio.o(.text)
    RCC_DeInit                               0x08004441   Thumb Code    64  stm32f10x_rcc.o(.text)
    RCC_HSEConfig                            0x08004481   Thumb Code    70  stm32f10x_rcc.o(.text)
    RCC_GetFlagStatus                        0x080044c7   Thumb Code    56  stm32f10x_rcc.o(.text)
    RCC_WaitForHSEStartUp                    0x080044ff   Thumb Code    56  stm32f10x_rcc.o(.text)
    RCC_AdjustHSICalibrationValue            0x08004537   Thumb Code    20  stm32f10x_rcc.o(.text)
    RCC_HSICmd                               0x0800454b   Thumb Code     6  stm32f10x_rcc.o(.text)
    RCC_PLLConfig                            0x08004551   Thumb Code    24  stm32f10x_rcc.o(.text)
    RCC_PLLCmd                               0x08004569   Thumb Code     6  stm32f10x_rcc.o(.text)
    RCC_SYSCLKConfig                         0x0800456f   Thumb Code    18  stm32f10x_rcc.o(.text)
    RCC_GetSYSCLKSource                      0x08004581   Thumb Code    10  stm32f10x_rcc.o(.text)
    RCC_HCLKConfig                           0x0800458b   Thumb Code    18  stm32f10x_rcc.o(.text)
    RCC_PCLK1Config                          0x0800459d   Thumb Code    18  stm32f10x_rcc.o(.text)
    RCC_PCLK2Config                          0x080045af   Thumb Code    20  stm32f10x_rcc.o(.text)
    RCC_ITConfig                             0x080045c3   Thumb Code    26  stm32f10x_rcc.o(.text)
    RCC_USBCLKConfig                         0x080045dd   Thumb Code     8  stm32f10x_rcc.o(.text)
    RCC_ADCCLKConfig                         0x080045e5   Thumb Code    18  stm32f10x_rcc.o(.text)
    RCC_LSEConfig                            0x080045f7   Thumb Code    50  stm32f10x_rcc.o(.text)
    RCC_LSICmd                               0x08004629   Thumb Code     6  stm32f10x_rcc.o(.text)
    RCC_RTCCLKConfig                         0x0800462f   Thumb Code    12  stm32f10x_rcc.o(.text)
    RCC_RTCCLKCmd                            0x0800463b   Thumb Code     8  stm32f10x_rcc.o(.text)
    RCC_GetClocksFreq                        0x08004643   Thumb Code   192  stm32f10x_rcc.o(.text)
    RCC_AHBPeriphClockCmd                    0x08004703   Thumb Code    26  stm32f10x_rcc.o(.text)
    RCC_APB2PeriphClockCmd                   0x0800471d   Thumb Code    26  stm32f10x_rcc.o(.text)
    RCC_APB1PeriphClockCmd                   0x08004737   Thumb Code    26  stm32f10x_rcc.o(.text)
    RCC_APB2PeriphResetCmd                   0x08004751   Thumb Code    26  stm32f10x_rcc.o(.text)
    RCC_APB1PeriphResetCmd                   0x0800476b   Thumb Code    26  stm32f10x_rcc.o(.text)
    RCC_BackupResetCmd                       0x08004785   Thumb Code     8  stm32f10x_rcc.o(.text)
    RCC_ClockSecuritySystemCmd               0x0800478d   Thumb Code     6  stm32f10x_rcc.o(.text)
    RCC_MCOConfig                            0x08004793   Thumb Code     6  stm32f10x_rcc.o(.text)
    RCC_ClearFlag                            0x08004799   Thumb Code    14  stm32f10x_rcc.o(.text)
    RCC_GetITStatus                          0x080047a7   Thumb Code    20  stm32f10x_rcc.o(.text)
    RCC_ClearITPendingBit                    0x080047bb   Thumb Code     6  stm32f10x_rcc.o(.text)
    USART_DeInit                             0x080047e5   Thumb Code   134  stm32f10x_usart.o(.text)
    USART_Init                               0x0800486b   Thumb Code   210  stm32f10x_usart.o(.text)
    USART_StructInit                         0x0800493d   Thumb Code    24  stm32f10x_usart.o(.text)
    USART_ClockInit                          0x08004955   Thumb Code    34  stm32f10x_usart.o(.text)
    USART_ClockStructInit                    0x08004977   Thumb Code    12  stm32f10x_usart.o(.text)
    USART_Cmd                                0x08004983   Thumb Code    24  stm32f10x_usart.o(.text)
    USART_ITConfig                           0x0800499b   Thumb Code    74  stm32f10x_usart.o(.text)
    USART_DMACmd                             0x080049e5   Thumb Code    18  stm32f10x_usart.o(.text)
    USART_SetAddress                         0x080049f7   Thumb Code    18  stm32f10x_usart.o(.text)
    USART_WakeUpConfig                       0x08004a09   Thumb Code    18  stm32f10x_usart.o(.text)
    USART_ReceiverWakeUpCmd                  0x08004a1b   Thumb Code    24  stm32f10x_usart.o(.text)
    USART_LINBreakDetectLengthConfig         0x08004a33   Thumb Code    18  stm32f10x_usart.o(.text)
    USART_LINCmd                             0x08004a45   Thumb Code    24  stm32f10x_usart.o(.text)
    USART_SendData                           0x08004a5d   Thumb Code     8  stm32f10x_usart.o(.text)
    USART_ReceiveData                        0x08004a65   Thumb Code    10  stm32f10x_usart.o(.text)
    USART_SendBreak                          0x08004a6f   Thumb Code    10  stm32f10x_usart.o(.text)
    USART_SetGuardTime                       0x08004a79   Thumb Code    16  stm32f10x_usart.o(.text)
    USART_SetPrescaler                       0x08004a89   Thumb Code    16  stm32f10x_usart.o(.text)
    USART_SmartCardCmd                       0x08004a99   Thumb Code    24  stm32f10x_usart.o(.text)
    USART_SmartCardNACKCmd                   0x08004ab1   Thumb Code    24  stm32f10x_usart.o(.text)
    USART_HalfDuplexCmd                      0x08004ac9   Thumb Code    24  stm32f10x_usart.o(.text)
    USART_OverSampling8Cmd                   0x08004ae1   Thumb Code    22  stm32f10x_usart.o(.text)
    USART_OneBitMethodCmd                    0x08004af7   Thumb Code    24  stm32f10x_usart.o(.text)
    USART_IrDAConfig                         0x08004b0f   Thumb Code    18  stm32f10x_usart.o(.text)
    USART_IrDACmd                            0x08004b21   Thumb Code    24  stm32f10x_usart.o(.text)
    USART_GetFlagStatus                      0x08004b39   Thumb Code    26  stm32f10x_usart.o(.text)
    USART_ClearFlag                          0x08004b53   Thumb Code    18  stm32f10x_usart.o(.text)
    USART_GetITStatus                        0x08004b65   Thumb Code    84  stm32f10x_usart.o(.text)
    USART_ClearITPendingBit                  0x08004bb9   Thumb Code    52  stm32f10x_usart.o(.text)
    NVIC_PriorityGroupConfig                 0x08004bed   Thumb Code    10  misc.o(.text)
    NVIC_Init                                0x08004bf7   Thumb Code   100  misc.o(.text)
    NVIC_SetVectorTable                      0x08004c5b   Thumb Code    14  misc.o(.text)
    NVIC_SystemLPConfig                      0x08004c69   Thumb Code    34  misc.o(.text)
    SysTick_CLKSourceConfig                  0x08004c8b   Thumb Code    40  misc.o(.text)
    SPI_I2S_DeInit                           0x08004cc9   Thumb Code    76  stm32f10x_spi.o(.text)
    SPI_Init                                 0x08004d15   Thumb Code    60  stm32f10x_spi.o(.text)
    I2S_Init                                 0x08004d51   Thumb Code   226  stm32f10x_spi.o(.text)
    SPI_StructInit                           0x08004e33   Thumb Code    24  stm32f10x_spi.o(.text)
    I2S_StructInit                           0x08004e4b   Thumb Code    20  stm32f10x_spi.o(.text)
    SPI_Cmd                                  0x08004e5f   Thumb Code    24  stm32f10x_spi.o(.text)
    I2S_Cmd                                  0x08004e77   Thumb Code    24  stm32f10x_spi.o(.text)
    SPI_I2S_ITConfig                         0x08004e8f   Thumb Code    32  stm32f10x_spi.o(.text)
    SPI_I2S_DMACmd                           0x08004eaf   Thumb Code    18  stm32f10x_spi.o(.text)
    SPI_I2S_SendData                         0x08004ec1   Thumb Code     4  stm32f10x_spi.o(.text)
    SPI_I2S_ReceiveData                      0x08004ec5   Thumb Code     6  stm32f10x_spi.o(.text)
    SPI_NSSInternalSoftwareConfig            0x08004ecb   Thumb Code    30  stm32f10x_spi.o(.text)
    SPI_SSOutputCmd                          0x08004ee9   Thumb Code    24  stm32f10x_spi.o(.text)
    SPI_DataSizeConfig                       0x08004f01   Thumb Code    18  stm32f10x_spi.o(.text)
    SPI_TransmitCRC                          0x08004f13   Thumb Code    10  stm32f10x_spi.o(.text)
    SPI_CalculateCRC                         0x08004f1d   Thumb Code    24  stm32f10x_spi.o(.text)
    SPI_GetCRC                               0x08004f35   Thumb Code    16  stm32f10x_spi.o(.text)
    SPI_GetCRCPolynomial                     0x08004f45   Thumb Code     6  stm32f10x_spi.o(.text)
    SPI_BiDirectionalLineConfig              0x08004f4b   Thumb Code    28  stm32f10x_spi.o(.text)
    SPI_I2S_GetFlagStatus                    0x08004f67   Thumb Code    18  stm32f10x_spi.o(.text)
    SPI_I2S_ClearFlag                        0x08004f79   Thumb Code     6  stm32f10x_spi.o(.text)
    SPI_I2S_GetITStatus                      0x08004f7f   Thumb Code    52  stm32f10x_spi.o(.text)
    SPI_I2S_ClearITPendingBit                0x08004fb3   Thumb Code    20  stm32f10x_spi.o(.text)
    TIM_DeInit                               0x08004fd5   Thumb Code   424  stm32f10x_tim.o(.text)
    TIM_TimeBaseInit                         0x0800517d   Thumb Code   122  stm32f10x_tim.o(.text)
    TIM_OC1Init                              0x080051f7   Thumb Code   132  stm32f10x_tim.o(.text)
    TIM_OC2Init                              0x0800527b   Thumb Code   154  stm32f10x_tim.o(.text)
    TIM_OC3Init                              0x08005315   Thumb Code   150  stm32f10x_tim.o(.text)
    TIM_OC4Init                              0x080053ab   Thumb Code   182  stm32f10x_tim.o(.text)
    TIM_SetIC4Prescaler                      0x08005461   Thumb Code    26  stm32f10x_tim.o(.text)
    TIM_SetIC3Prescaler                      0x080054fd   Thumb Code    18  stm32f10x_tim.o(.text)
    TIM_SetIC2Prescaler                      0x08005589   Thumb Code    26  stm32f10x_tim.o(.text)
    TIM_SetIC1Prescaler                      0x08005625   Thumb Code    18  stm32f10x_tim.o(.text)
    TIM_ICInit                               0x080056a3   Thumb Code   150  stm32f10x_tim.o(.text)
    TIM_PWMIConfig                           0x08005739   Thumb Code   124  stm32f10x_tim.o(.text)
    TIM_BDTRConfig                           0x080057b5   Thumb Code    32  stm32f10x_tim.o(.text)
    TIM_TimeBaseStructInit                   0x080057d5   Thumb Code    18  stm32f10x_tim.o(.text)
    TIM_OCStructInit                         0x080057e7   Thumb Code    20  stm32f10x_tim.o(.text)
    TIM_ICStructInit                         0x080057fb   Thumb Code    18  stm32f10x_tim.o(.text)
    TIM_BDTRStructInit                       0x0800580d   Thumb Code    40  stm32f10x_tim.o(.text)
    TIM_Cmd                                  0x08005835   Thumb Code    24  stm32f10x_tim.o(.text)
    TIM_CtrlPWMOutputs                       0x0800584d   Thumb Code    30  stm32f10x_tim.o(.text)
    TIM_ITConfig                             0x0800586b   Thumb Code    18  stm32f10x_tim.o(.text)
    TIM_GenerateEvent                        0x0800587d   Thumb Code     4  stm32f10x_tim.o(.text)
    TIM_DMAConfig                            0x08005881   Thumb Code    10  stm32f10x_tim.o(.text)
    TIM_DMACmd                               0x0800588b   Thumb Code    18  stm32f10x_tim.o(.text)
    TIM_InternalClockConfig                  0x0800589d   Thumb Code    12  stm32f10x_tim.o(.text)
    TIM_SelectInputTrigger                   0x080058a9   Thumb Code    18  stm32f10x_tim.o(.text)
    TIM_ITRxExternalClockConfig              0x080058bb   Thumb Code    24  stm32f10x_tim.o(.text)
    TIM_TIxExternalClockConfig               0x080058d3   Thumb Code    62  stm32f10x_tim.o(.text)
    TIM_ETRConfig                            0x08005911   Thumb Code    28  stm32f10x_tim.o(.text)
    TIM_ETRClockMode1Config                  0x0800592d   Thumb Code    54  stm32f10x_tim.o(.text)
    TIM_ETRClockMode2Config                  0x08005963   Thumb Code    32  stm32f10x_tim.o(.text)
    TIM_PrescalerConfig                      0x08005983   Thumb Code     6  stm32f10x_tim.o(.text)
    TIM_CounterModeConfig                    0x08005989   Thumb Code    18  stm32f10x_tim.o(.text)
    TIM_EncoderInterfaceConfig               0x0800599b   Thumb Code    66  stm32f10x_tim.o(.text)
    TIM_ForcedOC1Config                      0x080059dd   Thumb Code    18  stm32f10x_tim.o(.text)
    TIM_ForcedOC2Config                      0x080059ef   Thumb Code    26  stm32f10x_tim.o(.text)
    TIM_ForcedOC3Config                      0x08005a09   Thumb Code    18  stm32f10x_tim.o(.text)
    TIM_ForcedOC4Config                      0x08005a1b   Thumb Code    26  stm32f10x_tim.o(.text)
    TIM_ARRPreloadConfig                     0x08005a35   Thumb Code    24  stm32f10x_tim.o(.text)
    TIM_SelectCOM                            0x08005a4d   Thumb Code    24  stm32f10x_tim.o(.text)
    TIM_SelectCCDMA                          0x08005a65   Thumb Code    24  stm32f10x_tim.o(.text)
    TIM_CCPreloadControl                     0x08005a7d   Thumb Code    24  stm32f10x_tim.o(.text)
    TIM_OC1PreloadConfig                     0x08005a95   Thumb Code    18  stm32f10x_tim.o(.text)
    TIM_OC2PreloadConfig                     0x08005aa7   Thumb Code    26  stm32f10x_tim.o(.text)
    TIM_OC3PreloadConfig                     0x08005ac1   Thumb Code    18  stm32f10x_tim.o(.text)
    TIM_OC4PreloadConfig                     0x08005ad3   Thumb Code    26  stm32f10x_tim.o(.text)
    TIM_OC1FastConfig                        0x08005aed   Thumb Code    18  stm32f10x_tim.o(.text)
    TIM_OC2FastConfig                        0x08005aff   Thumb Code    26  stm32f10x_tim.o(.text)
    TIM_OC3FastConfig                        0x08005b19   Thumb Code    18  stm32f10x_tim.o(.text)
    TIM_OC4FastConfig                        0x08005b2b   Thumb Code    26  stm32f10x_tim.o(.text)
    TIM_ClearOC1Ref                          0x08005b45   Thumb Code    18  stm32f10x_tim.o(.text)
    TIM_ClearOC2Ref                          0x08005b57   Thumb Code    24  stm32f10x_tim.o(.text)
    TIM_ClearOC3Ref                          0x08005b6f   Thumb Code    18  stm32f10x_tim.o(.text)
    TIM_ClearOC4Ref                          0x08005b81   Thumb Code    24  stm32f10x_tim.o(.text)
    TIM_OC1PolarityConfig                    0x08005b99   Thumb Code    18  stm32f10x_tim.o(.text)
    TIM_OC1NPolarityConfig                   0x08005bab   Thumb Code    18  stm32f10x_tim.o(.text)
    TIM_OC2PolarityConfig                    0x08005bbd   Thumb Code    26  stm32f10x_tim.o(.text)
    TIM_OC2NPolarityConfig                   0x08005bd7   Thumb Code    26  stm32f10x_tim.o(.text)
    TIM_OC3PolarityConfig                    0x08005bf1   Thumb Code    26  stm32f10x_tim.o(.text)
    TIM_OC3NPolarityConfig                   0x08005c0b   Thumb Code    26  stm32f10x_tim.o(.text)
    TIM_OC4PolarityConfig                    0x08005c25   Thumb Code    26  stm32f10x_tim.o(.text)
    TIM_CCxCmd                               0x08005c3f   Thumb Code    30  stm32f10x_tim.o(.text)
    TIM_CCxNCmd                              0x08005c5d   Thumb Code    30  stm32f10x_tim.o(.text)
    TIM_SelectOCxM                           0x08005c7b   Thumb Code    82  stm32f10x_tim.o(.text)
    TIM_UpdateDisableConfig                  0x08005ccd   Thumb Code    24  stm32f10x_tim.o(.text)
    TIM_UpdateRequestConfig                  0x08005ce5   Thumb Code    24  stm32f10x_tim.o(.text)
    TIM_SelectHallSensor                     0x08005cfd   Thumb Code    24  stm32f10x_tim.o(.text)
    TIM_SelectOnePulseMode                   0x08005d15   Thumb Code    18  stm32f10x_tim.o(.text)
    TIM_SelectOutputTrigger                  0x08005d27   Thumb Code    18  stm32f10x_tim.o(.text)
    TIM_SelectSlaveMode                      0x08005d39   Thumb Code    18  stm32f10x_tim.o(.text)
    TIM_SelectMasterSlaveMode                0x08005d4b   Thumb Code    18  stm32f10x_tim.o(.text)
    TIM_SetCounter                           0x08005d5d   Thumb Code     4  stm32f10x_tim.o(.text)
    TIM_SetAutoreload                        0x08005d61   Thumb Code     4  stm32f10x_tim.o(.text)
    TIM_SetCompare1                          0x08005d65   Thumb Code     4  stm32f10x_tim.o(.text)
    TIM_SetCompare2                          0x08005d69   Thumb Code     4  stm32f10x_tim.o(.text)
    TIM_SetCompare3                          0x08005d6d   Thumb Code     4  stm32f10x_tim.o(.text)
    TIM_SetCompare4                          0x08005d71   Thumb Code     6  stm32f10x_tim.o(.text)
    TIM_SetClockDivision                     0x08005d77   Thumb Code    18  stm32f10x_tim.o(.text)
    TIM_GetCapture1                          0x08005d89   Thumb Code     6  stm32f10x_tim.o(.text)
    TIM_GetCapture2                          0x08005d8f   Thumb Code     6  stm32f10x_tim.o(.text)
    TIM_GetCapture3                          0x08005d95   Thumb Code     6  stm32f10x_tim.o(.text)
    TIM_GetCapture4                          0x08005d9b   Thumb Code     8  stm32f10x_tim.o(.text)
    TIM_GetCounter                           0x08005da3   Thumb Code     6  stm32f10x_tim.o(.text)
    TIM_GetPrescaler                         0x08005da9   Thumb Code     6  stm32f10x_tim.o(.text)
    TIM_GetFlagStatus                        0x08005daf   Thumb Code    18  stm32f10x_tim.o(.text)
    TIM_ClearFlag                            0x08005dc1   Thumb Code     6  stm32f10x_tim.o(.text)
    TIM_GetITStatus                          0x08005dc7   Thumb Code    34  stm32f10x_tim.o(.text)
    TIM_ClearITPendingBit                    0x08005de9   Thumb Code     6  stm32f10x_tim.o(.text)
    __use_no_semihosting                     0x08005def   Thumb Code     2  use_no_semi_2.o(.text)
    __2printf                                0x08005df1   Thumb Code    20  noretval__2printf.o(.text)
    _printf_pre_padding                      0x08005e09   Thumb Code    44  _printf_pad.o(.text)
    _printf_post_padding                     0x08005e35   Thumb Code    34  _printf_pad.o(.text)
    _printf_str                              0x08005e57   Thumb Code    82  _printf_str.o(.text)
    _printf_int_dec                          0x08005ea9   Thumb Code   104  _printf_dec.o(.text)
    __printf                                 0x08005f21   Thumb Code   308  __printf_flags_wp.o(.text)
    __aeabi_memcpy                           0x08006059   Thumb Code     0  rt_memcpy_v6.o(.text)
    __rt_memcpy                              0x08006059   Thumb Code   138  rt_memcpy_v6.o(.text)
    _memcpy_lastbytes                        0x080060bf   Thumb Code     0  rt_memcpy_v6.o(.text)
    __use_two_region_memory                  0x080060e3   Thumb Code     2  heapauxi.o(.text)
    __rt_heap_escrow$2region                 0x080060e5   Thumb Code     2  heapauxi.o(.text)
    __rt_heap_expand$2region                 0x080060e7   Thumb Code     2  heapauxi.o(.text)
    __I$use$semihosting                      0x080060e9   Thumb Code     0  use_no_semi.o(.text)
    __use_no_semihosting_swi                 0x080060e9   Thumb Code     2  use_no_semi.o(.text)
    _printf_int_common                       0x080060eb   Thumb Code   178  _printf_intcommon.o(.text)
    __lib_sel_fp_printf                      0x0800619d   Thumb Code     2  _printf_fp_dec.o(.text)
    _printf_fp_dec_real                      0x0800634b   Thumb Code   620  _printf_fp_dec.o(.text)
    _printf_cs_common                        0x080065b7   Thumb Code    20  _printf_char.o(.text)
    _printf_char                             0x080065cb   Thumb Code    16  _printf_char.o(.text)
    _printf_string                           0x080065db   Thumb Code     8  _printf_char.o(.text)
    _printf_char_file                        0x080065e5   Thumb Code    32  _printf_char_file.o(.text)
    __aeabi_memcpy4                          0x08006609   Thumb Code     0  rt_memcpy_w.o(.text)
    __aeabi_memcpy8                          0x08006609   Thumb Code     0  rt_memcpy_w.o(.text)
    __rt_memcpy_w                            0x08006609   Thumb Code   100  rt_memcpy_w.o(.text)
    _memcpy_lastbytes_aligned                0x08006651   Thumb Code     0  rt_memcpy_w.o(.text)
    __rt_locale                              0x0800666d   Thumb Code     8  rt_locale_intlibspace.o(.text)
    _ll_udiv10                               0x08006675   Thumb Code   138  lludiv10.o(.text)
    _printf_char_common                      0x0800670b   Thumb Code    32  _printf_char_common.o(.text)
    _printf_fp_infnan                        0x08006731   Thumb Code   112  _printf_fp_infnan.o(.text)
    _btod_etento                             0x080067b1   Thumb Code   216  bigflt0.o(.text)
    ferror                                   0x0800688d   Thumb Code     8  ferror.o(.text)
    __user_libspace                          0x08006895   Thumb Code     8  libspace.o(.text)
    __user_perproc_libspace                  0x08006895   Thumb Code     0  libspace.o(.text)
    __user_perthread_libspace                0x08006895   Thumb Code     0  libspace.o(.text)
    __user_setup_stackheap                   0x0800689d   Thumb Code    74  sys_stackheap_outer.o(.text)
    exit                                     0x080068e7   Thumb Code    12  exit.o(.text)
    strcmp                                   0x080068f5   Thumb Code   128  strcmpv7m.o(.text)
    _btod_d2e                                0x08006975   Thumb Code    62  btod.o(CL$$btod_d2e)
    _d2e_denorm_low                          0x080069b3   Thumb Code    70  btod.o(CL$$btod_d2e_denorm_low)
    _d2e_norm_op1                            0x080069f9   Thumb Code    96  btod.o(CL$$btod_d2e_norm_op1)
    __btod_div_common                        0x08006a59   Thumb Code   696  btod.o(CL$$btod_div_common)
    _e2e                                     0x08006d91   Thumb Code   198  btod.o(CL$$btod_e2e)
    _btod_ediv                               0x08006e57   Thumb Code    40  btod.o(CL$$btod_ediv)
    _btod_emul                               0x08006e7f   Thumb Code    40  btod.o(CL$$btod_emul)
    __btod_mult_common                       0x08006ea7   Thumb Code   580  btod.o(CL$$btod_mult_common)
    __ARM_fpclassify                         0x080070eb   Thumb Code    40  fpclassify.o(i.__ARM_fpclassify)
    _is_digit                                0x08007113   Thumb Code    14  __printf_wp.o(i._is_digit)
    _get_lc_numeric                          0x08007121   Thumb Code    44  lc_numeric_c.o(locale$$code)
    __fpl_dcmp_Inf                           0x0800714d   Thumb Code    24  dcmpi.o(x$fpl$dcmpinf)
    __aeabi_ddiv                             0x08007165   Thumb Code     0  ddiv.o(x$fpl$ddiv)
    _ddiv                                    0x08007165   Thumb Code   552  ddiv.o(x$fpl$ddiv)
    __aeabi_ui2d                             0x08007415   Thumb Code     0  dflt_clz.o(x$fpl$dfltu)
    _dfltu                                   0x08007415   Thumb Code    38  dflt_clz.o(x$fpl$dfltu)
    __aeabi_cdcmple                          0x0800743d   Thumb Code     0  dleqf.o(x$fpl$dleqf)
    _dcmple                                  0x0800743d   Thumb Code   120  dleqf.o(x$fpl$dleqf)
    __fpl_dcmple_InfNaN                      0x0800749f   Thumb Code     0  dleqf.o(x$fpl$dleqf)
    __aeabi_dmul                             0x080074b5   Thumb Code     0  dmul.o(x$fpl$dmul)
    _dmul                                    0x080074b5   Thumb Code   332  dmul.o(x$fpl$dmul)
    __fpl_dnaninf                            0x08007609   Thumb Code   156  dnaninf.o(x$fpl$dnaninf)
    __fpl_dretinf                            0x080076a5   Thumb Code    12  dretinf.o(x$fpl$dretinf)
    __aeabi_cdrcmple                         0x080076b1   Thumb Code     0  drleqf.o(x$fpl$drleqf)
    _drcmple                                 0x080076b1   Thumb Code   108  drleqf.o(x$fpl$drleqf)
    _printf_fp_dec                           0x0800771d   Thumb Code     4  printf1.o(x$fpl$printf1)
    __I$use$fp                               0x08007720   Number         0  usenofp.o(x$fpl$usenofp)
    Region$$Table$$Base                      0x080077c8   Number         0  anon$$obj.o(Region$$Table)
    Region$$Table$$Limit                     0x080077e8   Number         0  anon$$obj.o(Region$$Table)
    FLASH_SIZE                               0x20000000   Data           4  main.o(.data)
    CT                                       0x20000004   Data           2  main.o(.data)
    SN_1                                     0x20000006   Data           4  main.o(.data)
    SN_2                                     0x2000000a   Data           4  main.o(.data)
    status                                   0x2000000e   Data           1  main.o(.data)
    T3                                       0x20000010   Data           4  main.o(.data)
    T2                                       0x20000014   Data           4  main.o(.data)
    T4                                       0x20000018   Data           4  main.o(.data)
    T5                                       0x2000001c   Data           4  main.o(.data)
    T31                                      0x20000020   Data           4  main.o(.data)
    T21                                      0x20000024   Data           4  main.o(.data)
    T22                                      0x20000028   Data           4  main.o(.data)
    T41                                      0x2000002c   Data           4  main.o(.data)
    Model                                    0x20000030   Data           1  main.o(.data)
    RFID_NUM                                 0x20000031   Data           1  main.o(.data)
    Same_Bit                                 0x20000032   Data           1  main.o(.data)
    Save_Status                              0x20000033   Data           1  main.o(.data)
    Read_Status                              0x20000034   Data           1  main.o(.data)
    GO_Status                                0x20000035   Data           1  main.o(.data)
    BACK_Status                              0x20000036   Data           1  main.o(.data)
    STOP_Status                              0x20000037   Data           1  main.o(.data)
    Cruise_Status                            0x20000038   Data           1  main.o(.data)
    IO_GO_Status                             0x20000039   Data           1  main.o(.data)
    IO_BACK_Status                           0x2000003a   Data           1  main.o(.data)
    IO_STOP_Status                           0x2000003b   Data           1  main.o(.data)
    label                                    0x2000003c   Data           4  main.o(.data)
    Now_Label                                0x20000040   Data           2  main.o(.data)
    Destination_Label                        0x20000042   Data           1  main.o(.data)
    Origin_Label                             0x20000043   Data           1  main.o(.data)
    RFID_distance                            0x20000048   Data           8  main.o(.data)
    v                                        0x20000050   Data           8  main.o(.data)
    x                                        0x20000058   Data           8  main.o(.data)
    T                                        0x20000060   Data           8  main.o(.data)
    huoer_num                                0x20000068   Data           4  main.o(.data)
    all_huoer_num                            0x2000006c   Data           4  main.o(.data)
    huoer_flag                               0x20000070   Data           1  main.o(.data)
    SIZE                                     0x20000071   Data           1  main.o(.data)
    Addr_Broadcast                           0x20000072   Data           2  main.o(.data)
    Addr_A                                   0x20000074   Data           2  main.o(.data)
    Addr_Local                               0x20000076   Data           2  main.o(.data)
    Addr_Gateway                             0x20000078   Data           2  main.o(.data)
    Lora_Channel                             0x2000007a   Data           1  main.o(.data)
    SystemCoreClock                          0x2000007c   Data           4  system_stm32f10x.o(.data)
    AHBPrescTable                            0x20000080   Data          16  system_stm32f10x.o(.data)
    SPI_FLASH_TYPE                           0x20000092   Data           2  flash.o(.data)
    __stdout                                 0x20000098   Data           4  usart.o(.data)
    USART_RX_STA                             0x2000009c   Data           2  usart.o(.data)
    N                                        0x200000b8   Data         200  main.o(.bss)
    t2                                       0x20000180   Data         400  main.o(.bss)
    t3                                       0x20000310   Data         400  main.o(.bss)
    t4                                       0x200004a0   Data         400  main.o(.bss)
    x1                                       0x20000630   Data         400  main.o(.bss)
    h_num                                    0x200007c0   Data         200  main.o(.bss)
    SPI_InitStructure                        0x20000888   Data          18  flash.o(.bss)
    SPI_FLASH_BUF                            0x2000089a   Data        4096  flash.o(.bss)
    USART_RX_BUF                             0x2000189a   Data         200  usart.o(.bss)
    __libspace_start                         0x20001964   Data          96  libspace.o(.bss)
    __temporary_stack_top$libspace           0x200019c4   Data           0  libspace.o(.bss)



==============================================================================

Memory Map of the image

  Image Entry point : 0x08000131

  Load Region LR_IROM1 (Base: 0x08000000, Size: 0x000078b8, Max: 0x00040000, ABSOLUTE)

    Execution Region ER_IROM1 (Base: 0x08000000, Size: 0x00007804, Max: 0x00040000, ABSOLUTE)

    Base Addr    Size         Type   Attr      Idx    E Section Name        Object

    0x08000000   0x00000130   Data   RO          359    RESET               startup_stm32f10x_hd.o
    0x08000130   0x00000008   Code   RO          482  * !!!main             c_w.l(__main.o)
    0x08000138   0x00000034   Code   RO          723    !!!scatter          c_w.l(__scatter.o)
    0x0800016c   0x0000001a   Code   RO          725    !!handler_copy      c_w.l(__scatter_copy.o)
    0x08000186   0x00000002   PAD
    0x08000188   0x0000001c   Code   RO          727    !!handler_zi        c_w.l(__scatter_zi.o)
    0x080001a4   0x00000000   Code   RO          477    .ARM.Collect$$_printf_percent$$00000000  c_w.l(_printf_percent.o)
    0x080001a4   0x00000006   Code   RO          476    .ARM.Collect$$_printf_percent$$00000003  c_w.l(_printf_f.o)
    0x080001aa   0x00000006   Code   RO          475    .ARM.Collect$$_printf_percent$$00000009  c_w.l(_printf_d.o)
    0x080001b0   0x00000006   Code   RO          474    .ARM.Collect$$_printf_percent$$00000013  c_w.l(_printf_c.o)
    0x080001b6   0x00000004   Code   RO          511    .ARM.Collect$$_printf_percent$$00000017  c_w.l(_printf_percent_end.o)
    0x080001ba   0x00000002   Code   RO          601    .ARM.Collect$$libinit$$00000000  c_w.l(libinit.o)
    0x080001bc   0x00000000   Code   RO          603    .ARM.Collect$$libinit$$00000002  c_w.l(libinit2.o)
    0x080001bc   0x00000000   Code   RO          605    .ARM.Collect$$libinit$$00000004  c_w.l(libinit2.o)
    0x080001bc   0x00000000   Code   RO          608    .ARM.Collect$$libinit$$0000000A  c_w.l(libinit2.o)
    0x080001bc   0x00000000   Code   RO          610    .ARM.Collect$$libinit$$0000000C  c_w.l(libinit2.o)
    0x080001bc   0x00000000   Code   RO          612    .ARM.Collect$$libinit$$0000000E  c_w.l(libinit2.o)
    0x080001bc   0x00000006   Code   RO          613    .ARM.Collect$$libinit$$0000000F  c_w.l(libinit2.o)
    0x080001c2   0x00000000   Code   RO          615    .ARM.Collect$$libinit$$00000011  c_w.l(libinit2.o)
    0x080001c2   0x00000000   Code   RO          617    .ARM.Collect$$libinit$$00000013  c_w.l(libinit2.o)
    0x080001c2   0x00000000   Code   RO          619    .ARM.Collect$$libinit$$00000015  c_w.l(libinit2.o)
    0x080001c2   0x0000000a   Code   RO          620    .ARM.Collect$$libinit$$00000016  c_w.l(libinit2.o)
    0x080001cc   0x00000000   Code   RO          621    .ARM.Collect$$libinit$$00000017  c_w.l(libinit2.o)
    0x080001cc   0x00000000   Code   RO          623    .ARM.Collect$$libinit$$00000019  c_w.l(libinit2.o)
    0x080001cc   0x00000000   Code   RO          625    .ARM.Collect$$libinit$$0000001B  c_w.l(libinit2.o)
    0x080001cc   0x00000000   Code   RO          627    .ARM.Collect$$libinit$$0000001D  c_w.l(libinit2.o)
    0x080001cc   0x00000000   Code   RO          629    .ARM.Collect$$libinit$$0000001F  c_w.l(libinit2.o)
    0x080001cc   0x00000000   Code   RO          631    .ARM.Collect$$libinit$$00000021  c_w.l(libinit2.o)
    0x080001cc   0x00000000   Code   RO          633    .ARM.Collect$$libinit$$00000023  c_w.l(libinit2.o)
    0x080001cc   0x00000000   Code   RO          635    .ARM.Collect$$libinit$$00000025  c_w.l(libinit2.o)
    0x080001cc   0x00000000   Code   RO          639    .ARM.Collect$$libinit$$0000002C  c_w.l(libinit2.o)
    0x080001cc   0x00000000   Code   RO          641    .ARM.Collect$$libinit$$0000002E  c_w.l(libinit2.o)
    0x080001cc   0x00000000   Code   RO          643    .ARM.Collect$$libinit$$00000030  c_w.l(libinit2.o)
    0x080001cc   0x00000000   Code   RO          645    .ARM.Collect$$libinit$$00000032  c_w.l(libinit2.o)
    0x080001cc   0x00000002   Code   RO          646    .ARM.Collect$$libinit$$00000033  c_w.l(libinit2.o)
    0x080001ce   0x00000002   Code   RO          674    .ARM.Collect$$libshutdown$$00000000  c_w.l(libshutdown.o)
    0x080001d0   0x00000000   Code   RO          684    .ARM.Collect$$libshutdown$$00000003  c_w.l(libshutdown2.o)
    0x080001d0   0x00000000   Code   RO          687    .ARM.Collect$$libshutdown$$00000006  c_w.l(libshutdown2.o)
    0x080001d0   0x00000000   Code   RO          690    .ARM.Collect$$libshutdown$$00000009  c_w.l(libshutdown2.o)
    0x080001d0   0x00000000   Code   RO          692    .ARM.Collect$$libshutdown$$0000000B  c_w.l(libshutdown2.o)
    0x080001d0   0x00000000   Code   RO          695    .ARM.Collect$$libshutdown$$0000000E  c_w.l(libshutdown2.o)
    0x080001d0   0x00000002   Code   RO          696    .ARM.Collect$$libshutdown$$0000000F  c_w.l(libshutdown2.o)
    0x080001d2   0x00000000   Code   RO          502    .ARM.Collect$$rtentry$$00000000  c_w.l(__rtentry.o)
    0x080001d2   0x00000000   Code   RO          522    .ARM.Collect$$rtentry$$00000002  c_w.l(__rtentry2.o)
    0x080001d2   0x00000006   Code   RO          534    .ARM.Collect$$rtentry$$00000004  c_w.l(__rtentry4.o)
    0x080001d8   0x00000000   Code   RO          524    .ARM.Collect$$rtentry$$00000009  c_w.l(__rtentry2.o)
    0x080001d8   0x00000004   Code   RO          525    .ARM.Collect$$rtentry$$0000000A  c_w.l(__rtentry2.o)
    0x080001dc   0x00000000   Code   RO          527    .ARM.Collect$$rtentry$$0000000C  c_w.l(__rtentry2.o)
    0x080001dc   0x00000008   Code   RO          528    .ARM.Collect$$rtentry$$0000000D  c_w.l(__rtentry2.o)
    0x080001e4   0x00000002   Code   RO          647    .ARM.Collect$$rtexit$$00000000  c_w.l(rtexit.o)
    0x080001e6   0x00000000   Code   RO          654    .ARM.Collect$$rtexit$$00000002  c_w.l(rtexit2.o)
    0x080001e6   0x00000004   Code   RO          655    .ARM.Collect$$rtexit$$00000003  c_w.l(rtexit2.o)
    0x080001ea   0x00000006   Code   RO          656    .ARM.Collect$$rtexit$$00000004  c_w.l(rtexit2.o)
    0x080001f0   0x00002294   Code   RO            1    .text               main.o
    0x08002484   0x0000001a   Code   RO          144    .text               stm32f10x_it.o
    0x0800249e   0x00000002   PAD
    0x080024a0   0x000001e0   Code   RO          185    .text               system_stm32f10x.o
    0x08002680   0x00000184   Code   RO          203    .text               led.o
    0x08002804   0x000000fc   Code   RO          219    .text               key.o
    0x08002900   0x00000280   Code   RO          232    .text               timer.o
    0x08002b80   0x00000468   Code   RO          245    .text               flash.o
    0x08002fe8   0x00000744   Code   RO          264    .text               rc522_1.o
    0x0800372c   0x00000764   Code   RO          280    .text               rc522_2.o
    0x08003e90   0x000000d4   Code   RO          293    .text               delay.o
    0x08003f64   0x00000140   Code   RO          324    .text               usart.o
    0x080040a4   0x00000040   Code   RO          360    .text               startup_stm32f10x_hd.o
    0x080040e4   0x0000035c   Code   RO          364    .text               stm32f10x_gpio.o
    0x08004440   0x000003a4   Code   RO          376    .text               stm32f10x_rcc.o
    0x080047e4   0x00000408   Code   RO          390    .text               stm32f10x_usart.o
    0x08004bec   0x000000dc   Code   RO          402    .text               misc.o
    0x08004cc8   0x0000030c   Code   RO          414    .text               stm32f10x_spi.o
    0x08004fd4   0x00000e1a   Code   RO          426    .text               stm32f10x_tim.o
    0x08005dee   0x00000002   Code   RO          440    .text               c_w.l(use_no_semi_2.o)
    0x08005df0   0x00000018   Code   RO          444    .text               c_w.l(noretval__2printf.o)
    0x08005e08   0x0000004e   Code   RO          448    .text               c_w.l(_printf_pad.o)
    0x08005e56   0x00000052   Code   RO          450    .text               c_w.l(_printf_str.o)
    0x08005ea8   0x00000078   Code   RO          452    .text               c_w.l(_printf_dec.o)
    0x08005f20   0x00000138   Code   RO          466    .text               c_w.l(__printf_flags_wp.o)
    0x08006058   0x0000008a   Code   RO          478    .text               c_w.l(rt_memcpy_v6.o)
    0x080060e2   0x00000006   Code   RO          480    .text               c_w.l(heapauxi.o)
    0x080060e8   0x00000002   Code   RO          500    .text               c_w.l(use_no_semi.o)
    0x080060ea   0x000000b2   Code   RO          503    .text               c_w.l(_printf_intcommon.o)
    0x0800619c   0x0000041a   Code   RO          505    .text               c_w.l(_printf_fp_dec.o)
    0x080065b6   0x0000002c   Code   RO          507    .text               c_w.l(_printf_char.o)
    0x080065e2   0x00000002   PAD
    0x080065e4   0x00000024   Code   RO          509    .text               c_w.l(_printf_char_file.o)
    0x08006608   0x00000064   Code   RO          512    .text               c_w.l(rt_memcpy_w.o)
    0x0800666c   0x00000008   Code   RO          539    .text               c_w.l(rt_locale_intlibspace.o)
    0x08006674   0x0000008a   Code   RO          541    .text               c_w.l(lludiv10.o)
    0x080066fe   0x00000002   PAD
    0x08006700   0x00000030   Code   RO          543    .text               c_w.l(_printf_char_common.o)
    0x08006730   0x00000080   Code   RO          545    .text               c_w.l(_printf_fp_infnan.o)
    0x080067b0   0x000000dc   Code   RO          547    .text               c_w.l(bigflt0.o)
    0x0800688c   0x00000008   Code   RO          572    .text               c_w.l(ferror.o)
    0x08006894   0x00000008   Code   RO          585    .text               c_w.l(libspace.o)
    0x0800689c   0x0000004a   Code   RO          588    .text               c_w.l(sys_stackheap_outer.o)
    0x080068e6   0x0000000c   Code   RO          592    .text               c_w.l(exit.o)
    0x080068f2   0x00000002   PAD
    0x080068f4   0x00000080   Code   RO          594    .text               c_w.l(strcmpv7m.o)
    0x08006974   0x0000003e   Code   RO          550    CL$$btod_d2e        c_w.l(btod.o)
    0x080069b2   0x00000046   Code   RO          552    CL$$btod_d2e_denorm_low  c_w.l(btod.o)
    0x080069f8   0x00000060   Code   RO          551    CL$$btod_d2e_norm_op1  c_w.l(btod.o)
    0x08006a58   0x00000338   Code   RO          560    CL$$btod_div_common  c_w.l(btod.o)
    0x08006d90   0x000000c6   Code   RO          557    CL$$btod_e2e        c_w.l(btod.o)
    0x08006e56   0x00000028   Code   RO          554    CL$$btod_ediv       c_w.l(btod.o)
    0x08006e7e   0x00000028   Code   RO          553    CL$$btod_emul       c_w.l(btod.o)
    0x08006ea6   0x00000244   Code   RO          559    CL$$btod_mult_common  c_w.l(btod.o)
    0x080070ea   0x00000028   Code   RO          583    i.__ARM_fpclassify  m_ws.l(fpclassify.o)
    0x08007112   0x0000000e   Code   RO          464    i._is_digit         c_w.l(__printf_wp.o)
    0x08007120   0x0000002c   Code   RO          577    locale$$code        c_w.l(lc_numeric_c.o)
    0x0800714c   0x00000018   Code   RO          579    x$fpl$dcmpinf       fz_ws.l(dcmpi.o)
    0x08007164   0x000002b0   Code   RO          485    x$fpl$ddiv          fz_ws.l(ddiv.o)
    0x08007414   0x00000026   Code   RO          488    x$fpl$dfltu         fz_ws.l(dflt_clz.o)
    0x0800743a   0x00000002   PAD
    0x0800743c   0x00000078   Code   RO          514    x$fpl$dleqf         fz_ws.l(dleqf.o)
    0x080074b4   0x00000154   Code   RO          494    x$fpl$dmul          fz_ws.l(dmul.o)
    0x08007608   0x0000009c   Code   RO          516    x$fpl$dnaninf       fz_ws.l(dnaninf.o)
    0x080076a4   0x0000000c   Code   RO          518    x$fpl$dretinf       fz_ws.l(dretinf.o)
    0x080076b0   0x0000006c   Code   RO          496    x$fpl$drleqf        fz_ws.l(drleqf.o)
    0x0800771c   0x00000004   Code   RO          498    x$fpl$printf1       fz_ws.l(printf1.o)
    0x08007720   0x00000000   Code   RO          520    x$fpl$usenofp       fz_ws.l(usenofp.o)
    0x08007720   0x00000011   Data   RO          467    .constdata          c_w.l(__printf_flags_wp.o)
    0x08007731   0x00000003   PAD
    0x08007734   0x00000094   Data   RO          548    .constdata          c_w.l(bigflt0.o)
    0x080077c8   0x00000020   Data   RO          721    Region$$Table       anon$$obj.o
    0x080077e8   0x0000001c   Data   RO          576    locale$$data        c_w.l(lc_numeric_c.o)


    Execution Region RW_IRAM1 (Base: 0x20000000, Size: 0x00001fc8, Max: 0x0000c000, ABSOLUTE)

    Base Addr    Size         Type   Attr      Idx    E Section Name        Object

    0x20000000   0x0000007b   Data   RW            3    .data               main.o
    0x2000007b   0x00000001   PAD
    0x2000007c   0x00000014   Data   RW          186    .data               system_stm32f10x.o
    0x20000090   0x00000001   Data   RW          220    .data               key.o
    0x20000091   0x00000001   PAD
    0x20000092   0x00000002   Data   RW          247    .data               flash.o
    0x20000094   0x00000004   Data   RW          294    .data               delay.o
    0x20000098   0x00000006   Data   RW          326    .data               usart.o
    0x2000009e   0x00000014   Data   RW          377    .data               stm32f10x_rcc.o
    0x200000b2   0x00000006   PAD
    0x200000b8   0x000007d0   Zero   RW            2    .bss                main.o
    0x20000888   0x00001012   Zero   RW          246    .bss                flash.o
    0x2000189a   0x000000c8   Zero   RW          325    .bss                usart.o
    0x20001962   0x00000002   PAD
    0x20001964   0x00000060   Zero   RW          586    .bss                c_w.l(libspace.o)
    0x200019c4   0x00000004   PAD
    0x200019c8   0x00000200   Zero   RW          358    HEAP                startup_stm32f10x_hd.o
    0x20001bc8   0x00000400   Zero   RW          357    STACK               startup_stm32f10x_hd.o


==============================================================================

Image component sizes


      Code (inc. data)   RO Data    RW Data    ZI Data      Debug   Object Name

       212         18          0          4          0       1003   delay.o
      1128         46          0          2       4114       5078   flash.o
       252         16          0          1          0        816   key.o
       388         18          0          0          0       1611   led.o
      8852       1532          0        123       2000     284603   main.o
       220         22          0          0          0       1777   misc.o
      1860         12          0          0          0       6799   rc522_1.o
      1892         16          0          0          0       6807   rc522_2.o
        64         26        304          0       1536        788   startup_stm32f10x_hd.o
       860         38          0          0          0       5625   stm32f10x_gpio.o
        26          0          0          0          0       1170   stm32f10x_it.o
       932         36          0         20          0       8788   stm32f10x_rcc.o
       780         14          0          0          0       6506   stm32f10x_spi.o
      3610         88          0          0          0      22108   stm32f10x_tim.o
      1032         22          0          0          0       8348   stm32f10x_usart.o
         0          0          0          0          0         32   sys.o
       480         38          0         20          0       1707   system_stm32f10x.o
       640         28          0          0          0       2954   timer.o
       320         16          0          6        200       3118   usart.o

    ----------------------------------------------------------------------
     23550       1986        336        180       7856     369638   Object Totals
         0          0         32          0          0          0   (incl. Generated)
         2          0          0          4          6          0   (incl. Padding)

    ----------------------------------------------------------------------

      Code (inc. data)   RO Data    RW Data    ZI Data      Debug   Library Member Name

         8          0          0          0          0         68   __main.o
       312          4         17          0          0         92   __printf_flags_wp.o
        14          0          0          0          0         68   __printf_wp.o
         0          0          0          0          0          0   __rtentry.o
        12          0          0          0          0          0   __rtentry2.o
         6          0          0          0          0          0   __rtentry4.o
        52          8          0          0          0          0   __scatter.o
        26          0          0          0          0          0   __scatter_copy.o
        28          0          0          0          0          0   __scatter_zi.o
         6          0          0          0          0          0   _printf_c.o
        44          0          0          0          0        108   _printf_char.o
        48          6          0          0          0         96   _printf_char_common.o
        36          4          0          0          0         80   _printf_char_file.o
         6          0          0          0          0          0   _printf_d.o
       120         16          0          0          0         92   _printf_dec.o
         6          0          0          0          0          0   _printf_f.o
      1050          0          0          0          0        216   _printf_fp_dec.o
       128         16          0          0          0         84   _printf_fp_infnan.o
       178          0          0          0          0         88   _printf_intcommon.o
        78          0          0          0          0        108   _printf_pad.o
         0          0          0          0          0          0   _printf_percent.o
         4          0          0          0          0          0   _printf_percent_end.o
        82          0          0          0          0         80   _printf_str.o
       220          4        148          0          0         96   bigflt0.o
      1910        128          0          0          0        672   btod.o
        12          0          0          0          0         72   exit.o
         8          0          0          0          0         68   ferror.o
         6          0          0          0          0        152   heapauxi.o
        44         10         28          0          0         76   lc_numeric_c.o
         2          0          0          0          0          0   libinit.o
        18          0          0          0          0          0   libinit2.o
         2          0          0          0          0          0   libshutdown.o
         2          0          0          0          0          0   libshutdown2.o
         8          4          0          0         96         68   libspace.o
       138          0          0          0          0         80   lludiv10.o
        24          4          0          0          0         84   noretval__2printf.o
         8          4          0          0          0         68   rt_locale_intlibspace.o
       138          0          0          0          0         68   rt_memcpy_v6.o
       100          0          0          0          0         80   rt_memcpy_w.o
         2          0          0          0          0          0   rtexit.o
        10          0          0          0          0          0   rtexit2.o
       128          0          0          0          0         68   strcmpv7m.o
        74          0          0          0          0         80   sys_stackheap_outer.o
         2          0          0          0          0         68   use_no_semi.o
         2          0          0          0          0         68   use_no_semi_2.o
        24          0          0          0          0         68   dcmpi.o
       688        140          0          0          0        208   ddiv.o
        38          0          0          0          0         68   dflt_clz.o
       120          4          0          0          0         92   dleqf.o
       340         12          0          0          0        104   dmul.o
       156          4          0          0          0         92   dnaninf.o
        12          0          0          0          0         68   dretinf.o
       108          0          0          0          0         80   drleqf.o
         4          0          0          0          0         68   printf1.o
         0          0          0          0          0          0   usenofp.o
        40          0          0          0          0         68   fpclassify.o

    ----------------------------------------------------------------------
      6642        368        196          0        100       3964   Library Totals
        10          0          3          0          4          0   (incl. Padding)

    ----------------------------------------------------------------------

      Code (inc. data)   RO Data    RW Data    ZI Data      Debug   Library Name

      5102        208        193          0         96       3048   c_w.l
      1490        160          0          0          0        848   fz_ws.l
        40          0          0          0          0         68   m_ws.l

    ----------------------------------------------------------------------
      6642        368        196          0        100       3964   Library Totals

    ----------------------------------------------------------------------

==============================================================================


      Code (inc. data)   RO Data    RW Data    ZI Data      Debug   

     30192       2354        532        180       7956     370114   Grand Totals
     30192       2354        532        180       7956     370114   ELF Image Totals
     30192       2354        532        180          0          0   ROM Totals

==============================================================================

    Total RO  Size (Code + RO Data)                30724 (  30.00kB)
    Total RW  Size (RW Data + ZI Data)              8136 (   7.95kB)
    Total ROM Size (Code + RO Data + RW Data)      30904 (  30.18kB)

==============================================================================

